15.07.2026 13:05:06.263 Stability LoadFromFile: Section=MeterValue.0 Hash={82205225-F8BB-439C-A3DA-4CFFCBEBEC0A} Name=Температура MinSampleCount=10 WindowDurationSec=10 TargetValue=0
15.07.2026 13:05:06.267 Stability LoadFromFile: Section=MeterValue.1 Hash={B74CF678-6A38-4DFA-8712-27B73FD80FCE} Name=Температура MinSampleCount=10 WindowDurationSec=10 TargetValue=0
15.07.2026 13:05:06.275 Stability LoadFromFile: Section=MeterValue.2 Hash={A284F412-9AFC-443B-86B4-CA6CB26F38D3} Name=Погрешность MinSampleCount=10 WindowDurationSec=10 TargetValue=0
15.07.2026 13:05:06.281 Stability LoadFromFile: Section=MeterValue.3 Hash={4F05EF48-3F02-409B-8552-B91C25DDD923} Name=Время MinSampleCount=10 WindowDurationSec=10 TargetValue=0
15.07.2026 13:05:06.288 Stability LoadFromFile: Section=MeterValue.4 Hash={8C5CB0FD-8AA2-4E44-BDC2-97C4DF8A0837} Name=Давление MinSampleCount=10 WindowDurationSec=10 TargetValue=0
15.07.2026 13:05:06.294 Stability LoadFromFile: Section=MeterValue.5 Hash={0EB46A9B-0C9E-492F-A4D2-1CE52E117143} Name=Давление MinSampleCount=10 WindowDurationSec=10 TargetValue=0
15.07.2026 13:05:06.302 Stability LoadFromFile: Section=MeterValue.6 Hash={5AB7F3EA-4D7E-4A9B-9226-E20AB99EEDF3} Name=Погрешность MinSampleCount=10 WindowDurationSec=10 TargetValue=0
15.07.2026 13:05:06.306 Stability LoadFromFile: Section=MeterValue.7 Hash={6D3A586C-221D-4D05-BA4D-B47AF478AAEE} Name=Давление MinSampleCount=10 WindowDurationSec=10 TargetValue=0
15.07.2026 13:05:06.314 Stability LoadFromFile: Section=MeterValue.8 Hash={25CD9619-0018-40F2-9BC7-6155D11E0E96} Name=Плотность MinSampleCount=10 WindowDurationSec=10 TargetValue=0
15.07.2026 13:05:06.320 Stability LoadFromFile: Section=MeterValue.9 Hash={4DFDB19F-FAA6-4B8F-A19F-BAD01F4C8B81} Name=Давление атм MinSampleCount=10 WindowDurationSec=10 TargetValue=0
15.07.2026 13:05:06.327 Stability LoadFromFile: Section=MeterValue.10 Hash={712C12B6-D464-4355-A246-0D437E1945C1} Name=Влажность MinSampleCount=10 WindowDurationSec=10 TargetValue=0
15.07.2026 13:05:06.332 Stability LoadFromFile: Section=MeterValue.11 Hash={1E4ECFD1-1E59-4151-96D9-7DDA84D47CAC} Name=Объемный расход MinSampleCount=10 WindowDurationSec=10 TargetValue=0
15.07.2026 13:05:06.339 Stability LoadFromFile: Section=MeterValue.12 Hash={C17BF630-3AFC-4A8B-96E3-3484ED940BCF} Name=Ток MinSampleCount=10 WindowDurationSec=10 TargetValue=0
15.07.2026 13:05:06.344 Stability LoadFromFile: Section=MeterValue.13 Hash={7C07793A-B785-4D0D-A6E2-6DB2163971B6} Name=Интерфейс MinSampleCount=10 WindowDurationSec=10 TargetValue=0
15.07.2026 13:05:06.350 Stability LoadFromFile: Section=MeterValue.14 Hash={33BFD589-CED2-4445-BEDA-53BD3E38B8AA} Name=Ток MinSampleCount=10 WindowDurationSec=10 TargetValue=0
15.07.2026 13:05:06.357 Stability LoadFromFile: Section=MeterValue.15 Hash={CB9CEBF4-348A-44C5-843E-2A10ED0D81EC} Name=Интерфейс MinSampleCount=10 WindowDurationSec=10 TargetValue=0
15.07.2026 13:05:06.362 Stability LoadFromFile: Section=MeterValue.16 Hash={37766524-3AA0-4E6D-BDB2-5F7909B85240} Name=Ток MinSampleCount=10 WindowDurationSec=10 TargetValue=0
15.07.2026 13:05:06.370 Stability LoadFromFile: Section=MeterValue.17 Hash={14CC3282-C2A0-40F9-BAF7-7DD011538288} Name=Интерфейс MinSampleCount=10 WindowDurationSec=10 TargetValue=0
15.07.2026 13:05:06.375 Stability LoadFromFile: Section=MeterValue.18 Hash={68E4DDBE-6CA9-4852-8338-D280F8E1BCB2} Name=Ток MinSampleCount=10 WindowDurationSec=10 TargetValue=0
15.07.2026 13:05:06.382 Stability LoadFromFile: Section=MeterValue.19 Hash={10E7E8BE-CB6F-4E33-82AA-8258B1381E6A} Name=Интерфейс MinSampleCount=10 WindowDurationSec=10 TargetValue=0
15.07.2026 13:05:06.388 Stability LoadFromFile: Section=MeterValue.20 Hash={8CEA05E2-E86B-44FE-A129-59AB601F81E0} Name=Ток MinSampleCount=10 WindowDurationSec=10 TargetValue=0
15.07.2026 13:05:06.394 Stability LoadFromFile: Section=MeterValue.21 Hash={F2D6CC38-9A3F-4F04-999F-76E2DE2E9585} Name=Интерфейс MinSampleCount=10 WindowDurationSec=10 TargetValue=0
15.07.2026 13:05:06.399 Stability LoadFromFile: Section=MeterValue.22 Hash={1DF7359F-4D14-4BFC-A9CB-3C55B71D1826} Name=Ток MinSampleCount=10 WindowDurationSec=10 TargetValue=0
15.07.2026 13:05:06.406 Stability LoadFromFile: Section=MeterValue.23 Hash={D193D209-4CA0-45D3-B85F-0C56B0428E12} Name=Интерфейс MinSampleCount=10 WindowDurationSec=10 TargetValue=0
15.07.2026 13:05:06.412 Stability LoadFromFile: Section=MeterValue.24 Hash={AF7569BC-7152-4DEB-8439-80B3B21AB6B1} Name=Температура MinSampleCount=10 WindowDurationSec=10 TargetValue=0
15.07.2026 13:05:06.420 Stability LoadFromFile: Section=MeterValue.25 Hash={11770A78-13D1-4075-82A9-4C2559EA3505} Name=Температура MinSampleCount=10 WindowDurationSec=10 TargetValue=0
15.07.2026 13:05:06.426 Stability LoadFromFile: Section=MeterValue.26 Hash={46785B47-8DED-4B23-9C51-1C23D396068A} Name=Погрешность MinSampleCount=10 WindowDurationSec=10 TargetValue=0
15.07.2026 13:05:06.431 Stability LoadFromFile: Section=MeterValue.27 Hash={9C4BBAD5-F5F3-4CC4-9549-17FE3C117B98} Name=Время MinSampleCount=10 WindowDurationSec=10 TargetValue=0
15.07.2026 13:05:06.439 Stability LoadFromFile: Section=MeterValue.28 Hash={92588DB9-CEED-4E23-8765-A448235B33C5} Name=Давление MinSampleCount=10 WindowDurationSec=10 TargetValue=0
15.07.2026 13:05:06.447 Stability LoadFromFile: Section=MeterValue.29 Hash={17F21AC6-F113-436D-A3A9-DAD184AE5776} Name=Давление MinSampleCount=10 WindowDurationSec=10 TargetValue=0
15.07.2026 13:05:06.454 Stability LoadFromFile: Section=MeterValue.30 Hash={094AEBBF-D116-42AF-8935-63F62F41E3E9} Name=Погрешность MinSampleCount=10 WindowDurationSec=10 TargetValue=0
15.07.2026 13:05:06.460 Stability LoadFromFile: Section=MeterValue.31 Hash={31A227FA-65AA-403E-AE29-FD68AC3A7F10} Name=Давление MinSampleCount=10 WindowDurationSec=10 TargetValue=0
15.07.2026 13:05:06.469 Stability LoadFromFile: Section=MeterValue.32 Hash={CA442CD8-A087-4646-8F02-0001E961643D} Name=Плотность MinSampleCount=10 WindowDurationSec=10 TargetValue=0
15.07.2026 13:05:06.477 Stability LoadFromFile: Section=MeterValue.33 Hash={6CFE5AC3-943A-40B4-A285-98DEFA89F0B3} Name=Давление атм MinSampleCount=10 WindowDurationSec=10 TargetValue=0
15.07.2026 13:05:06.484 Stability LoadFromFile: Section=MeterValue.34 Hash={2EB8977F-453C-4097-A9C9-97902E631616} Name=Влажность MinSampleCount=10 WindowDurationSec=10 TargetValue=0
15.07.2026 13:05:06.490 Stability LoadFromFile: Section=MeterValue.35 Hash={A24208D8-B963-4290-B046-C9B9F402867E} Name=Объемный расход MinSampleCount=11 WindowDurationSec=12 TargetValue=0
15.07.2026 13:05:06.500 Stability LoadFromFile: Section=MeterValue.36 Hash={77221151-F73C-4CEB-861B-8922BC89C1C9} Name=Ток MinSampleCount=10 WindowDurationSec=10 TargetValue=0
15.07.2026 13:05:06.506 Stability LoadFromFile: Section=MeterValue.37 Hash={98D05B1A-7FD8-48E2-A46B-05F4A5F39292} Name=Интерфейс MinSampleCount=10 WindowDurationSec=10 TargetValue=0
15.07.2026 13:05:06.511 Stability LoadFromFile: Section=MeterValue.38 Hash={64BF4477-5E1C-4835-949D-E9FD93FE953B} Name=Ток MinSampleCount=10 WindowDurationSec=10 TargetValue=0
15.07.2026 13:05:06.518 Stability LoadFromFile: Section=MeterValue.39 Hash={DF09A331-4845-4D00-AD79-953D25F72277} Name=Интерфейс MinSampleCount=10 WindowDurationSec=10 TargetValue=0
15.07.2026 13:05:06.524 Stability LoadFromFile: Section=MeterValue.40 Hash={DE007137-4F57-45E0-915D-A87E35C1FB6A} Name=Ток MinSampleCount=10 WindowDurationSec=10 TargetValue=0
15.07.2026 13:05:06.530 Stability LoadFromFile: Section=MeterValue.41 Hash={BBD95086-306A-4980-A4E6-4300303290A0} Name=Интерфейс MinSampleCount=10 WindowDurationSec=10 TargetValue=0
15.07.2026 13:05:06.536 Stability LoadFromFile: Section=MeterValue.42 Hash={2BB19F77-86CA-4AE6-95BA-63AE259BDCBD} Name=Ток MinSampleCount=10 WindowDurationSec=10 TargetValue=0
15.07.2026 13:05:06.543 Stability LoadFromFile: Section=MeterValue.43 Hash={E50867A3-A323-4FEB-821F-86A64C45C8E2} Name=Интерфейс MinSampleCount=10 WindowDurationSec=10 TargetValue=0
15.07.2026 13:05:06.549 Stability LoadFromFile: Section=MeterValue.44 Hash={E2E6C47A-C50D-4B95-B6E0-97D2FAF17DE2} Name=Ток MinSampleCount=10 WindowDurationSec=10 TargetValue=0
15.07.2026 13:05:06.557 Stability LoadFromFile: Section=MeterValue.45 Hash={7777671B-83AD-4B8C-806A-06E9D91D63AE} Name=Интерфейс MinSampleCount=10 WindowDurationSec=10 TargetValue=0
15.07.2026 13:05:06.563 Stability LoadFromFile: Section=MeterValue.46 Hash={A7D706F4-461E-46D6-BB0D-458022A28E10} Name=Ток MinSampleCount=10 WindowDurationSec=10 TargetValue=0
15.07.2026 13:05:06.570 Stability LoadFromFile: Section=MeterValue.47 Hash={205F5054-FAF2-4F92-80E9-29C62856BE73} Name=Интерфейс MinSampleCount=10 WindowDurationSec=10 TargetValue=0
15.07.2026 13:05:06.577 Stability LoadFromFile: Section=MeterValue.48 Hash={5D9EFDFA-CC7E-412A-879A-33DA6C0DB590} Name=Температура MinSampleCount=10 WindowDurationSec=10 TargetValue=0
15.07.2026 13:05:06.584 Stability LoadFromFile: Section=MeterValue.49 Hash={3AAF07A6-3860-416E-A123-42A5F9F2E995} Name=Температура MinSampleCount=10 WindowDurationSec=10 TargetValue=0
15.07.2026 13:05:06.592 Stability LoadFromFile: Section=MeterValue.50 Hash={4125E6BF-4B9A-4B65-A15F-84B23EB89024} Name=Погрешность MinSampleCount=10 WindowDurationSec=10 TargetValue=0
15.07.2026 13:05:06.599 Stability LoadFromFile: Section=MeterValue.51 Hash={76477117-FD94-4EF6-BBC9-35B79FE6EBB1} Name=Время MinSampleCount=10 WindowDurationSec=10 TargetValue=0
15.07.2026 13:05:06.608 Stability LoadFromFile: Section=MeterValue.52 Hash={B8D29EFC-5A38-4961-A53F-49DE03A7A9AB} Name=Давление MinSampleCount=10 WindowDurationSec=10 TargetValue=0
15.07.2026 13:05:06.618 Stability LoadFromFile: Section=MeterValue.53 Hash={A11FC88C-B09C-4289-A952-D54C6B9A3D06} Name=Давление MinSampleCount=10 WindowDurationSec=10 TargetValue=0
15.07.2026 13:05:06.629 Stability LoadFromFile: Section=MeterValue.54 Hash={D4FAB0DE-D657-4D6E-A967-003963678873} Name=Погрешность MinSampleCount=10 WindowDurationSec=10 TargetValue=0
15.07.2026 13:05:06.636 Stability LoadFromFile: Section=MeterValue.55 Hash={6BED616F-6E36-49AE-922C-1C5F5E0BB19C} Name=Давление MinSampleCount=10 WindowDurationSec=10 TargetValue=0
15.07.2026 13:05:06.647 Stability LoadFromFile: Section=MeterValue.56 Hash={E58C005F-78D8-4A8B-9A9F-A06C619DC18B} Name=Плотность MinSampleCount=10 WindowDurationSec=10 TargetValue=0
15.07.2026 13:05:06.657 Stability LoadFromFile: Section=MeterValue.57 Hash={6BDA4F07-A9B5-444C-8050-03E5EFE9F984} Name=Давление атм MinSampleCount=10 WindowDurationSec=10 TargetValue=0
15.07.2026 13:05:06.666 Stability LoadFromFile: Section=MeterValue.58 Hash={77C03DCF-D1E3-4FF0-995A-FD4983543B34} Name=Влажность MinSampleCount=10 WindowDurationSec=10 TargetValue=0
15.07.2026 13:05:06.674 Stability LoadFromFile: Section=MeterValue.59 Hash={A780F125-3C03-4300-96F5-8E3694AF126D} Name=Объемный расход MinSampleCount=10 WindowDurationSec=10 TargetValue=0
15.07.2026 13:05:06.686 Stability LoadFromFile: Section=MeterValue.60 Hash={A631272C-ABD9-4D6F-BCB5-F5C97D6C7AD8} Name=Ток MinSampleCount=10 WindowDurationSec=10 TargetValue=0
15.07.2026 13:05:06.694 Stability LoadFromFile: Section=MeterValue.61 Hash={782FE079-2B59-4AC5-8EB8-F0B48FC7C4C3} Name=Интерфейс MinSampleCount=10 WindowDurationSec=10 TargetValue=0
15.07.2026 13:05:06.701 Stability LoadFromFile: Section=MeterValue.62 Hash={D85FF552-D07A-41F5-B2B0-645A19ED1E06} Name=Ток MinSampleCount=10 WindowDurationSec=10 TargetValue=0
15.07.2026 13:05:06.708 Stability LoadFromFile: Section=MeterValue.63 Hash={AFB744D1-E1DF-405E-B45C-EC839F2FF2EE} Name=Интерфейс MinSampleCount=10 WindowDurationSec=10 TargetValue=0
15.07.2026 13:05:06.717 Stability LoadFromFile: Section=MeterValue.64 Hash={DBB22020-0AAE-4EAB-BB17-F48FD72C2CA9} Name=Ток MinSampleCount=10 WindowDurationSec=10 TargetValue=0
15.07.2026 13:05:06.725 Stability LoadFromFile: Section=MeterValue.65 Hash={C26D9973-38D8-4C85-8100-D161D90AE501} Name=Интерфейс MinSampleCount=10 WindowDurationSec=10 TargetValue=0
15.07.2026 13:05:06.731 Stability LoadFromFile: Section=MeterValue.66 Hash={6F5713C8-EE81-4BE9-B12E-779819990D56} Name=Температура атм MinSampleCount=10 WindowDurationSec=10 TargetValue=0
15.07.2026 13:05:06.742 Stability LoadFromFile: Section=MeterValue.67 Hash={86A2230D-247E-4706-974F-280E5CBFAEF9} Name=Температура атм MinSampleCount=10 WindowDurationSec=10 TargetValue=0
15.07.2026 13:05:06.752 Stability LoadFromFile: Section=MeterValue.68 Hash={ACF448BA-BDC4-4E74-ACB8-8A419AE17013} Name=Температура атм MinSampleCount=10 WindowDurationSec=10 TargetValue=0
15.07.2026 13:05:06.760 Stability LoadFromFile: Section=MeterValue.69 Hash={3CF3ED6D-73B5-4245-B689-0B3A2A52A0C2} Name=Температура MinSampleCount=10 WindowDurationSec=10 TargetValue=0
15.07.2026 13:05:06.770 Stability LoadFromFile: Section=MeterValue.70 Hash={C77036BD-4D19-4A7D-A4C9-3AB257CB2D40} Name=Температура MinSampleCount=10 WindowDurationSec=10 TargetValue=0
15.07.2026 13:05:06.778 Stability LoadFromFile: Section=MeterValue.71 Hash={5A1A6370-BEC8-45B0-B97E-20D9708A029C} Name=Температура MinSampleCount=10 WindowDurationSec=10 TargetValue=0
15.07.2026 13:05:06.788 Stability LoadFromFile: Section=MeterValue.72 Hash={C2293BB9-50FF-4C43-84D4-37B749A1F58B} Name=Объемный расход MinSampleCount=11 WindowDurationSec=11 TargetValue=2,77777767181
15.07.2026 13:05:06.799 Stability LoadFromFile: Section=MeterValue.73 Hash={D9F31A30-DEC1-4D7F-BF86-8A38FC8EE971} Name=Импульсы MinSampleCount=10 WindowDurationSec=10 TargetValue=0
15.07.2026 13:05:06.808 Stability LoadFromFile: Section=MeterValue.74 Hash={723F0C95-3F52-4473-9C51-6137520200F3} Name=Импульсы MinSampleCount=10 WindowDurationSec=10 TargetValue=0
15.07.2026 13:05:06.817 Stability LoadFromFile: Section=MeterValue.75 Hash={A215EA17-F9E4-4C32-A8E6-58D5DA2451BC} Name=Импульсы MinSampleCount=10 WindowDurationSec=10 TargetValue=0
15.07.2026 13:05:06.825 Stability LoadFromFile: Section=MeterValue.76 Hash={01097A6D-F762-478F-9337-D96BB19B04FB} Name=Импульсы MinSampleCount=10 WindowDurationSec=10 TargetValue=0
15.07.2026 13:05:06.834 Stability LoadFromFile: Section=MeterValue.77 Hash={52733723-59D8-48E7-961C-D26E3B4E3F96} Name=Импульсы MinSampleCount=10 WindowDurationSec=10 TargetValue=0
15.07.2026 13:05:06.843 Stability LoadFromFile: Section=MeterValue.78 Hash={F81E81E6-CDEE-4EC7-BA1F-0BCBD6B61325} Name=Импульсы MinSampleCount=10 WindowDurationSec=10 TargetValue=0
15.07.2026 13:05:06.852 Stability LoadFromFile: Section=MeterValue.79 Hash={AD8584AF-3881-480B-8463-BF320CA895EE} Name=Импульсы MinSampleCount=10 WindowDurationSec=10 TargetValue=0
15.07.2026 13:05:06.862 Stability LoadFromFile: Section=MeterValue.80 Hash={259E66A7-299F-4AD0-BE56-5F04766CE302} Name=Импульсы MinSampleCount=10 WindowDurationSec=10 TargetValue=0
15.07.2026 13:05:06.870 Stability LoadFromFile: Section=MeterValue.81 Hash={59555B3A-AB94-4F58-BEFB-E2A131FA9D71} Name=Импульсы MinSampleCount=10 WindowDurationSec=10 TargetValue=0
15.07.2026 13:05:06.880 Stability LoadFromFile: Section=MeterValue.82 Hash={4D7A1E12-C0DD-49FB-84FE-F402BECFEF2D} Name=Импульсы MinSampleCount=10 WindowDurationSec=10 TargetValue=0
15.07.2026 13:05:06.889 Stability LoadFromFile: Section=MeterValue.83 Hash={FE4DE040-8970-4F57-9C20-27DB6CE8FE9E} Name=Импульсы MinSampleCount=10 WindowDurationSec=10 TargetValue=0
15.07.2026 13:05:06.898 Stability LoadFromFile: Section=MeterValue.84 Hash={C4E9ED66-3FF9-4A59-914A-28799F0D961A} Name=Импульсы MinSampleCount=10 WindowDurationSec=10 TargetValue=0
15.07.2026 13:05:06.909 Stability LoadFromFile: Section=MeterValue.85 Hash={53AE0D86-E3FD-4146-A452-2199A028DE35} Name=Импульсы MinSampleCount=10 WindowDurationSec=10 TargetValue=0
15.07.2026 13:05:06.918 Stability LoadFromFile: Section=MeterValue.86 Hash={81A0394D-AD6B-42EE-83B1-B1D45A9A4256} Name=Импульсы MinSampleCount=10 WindowDurationSec=10 TargetValue=0
15.07.2026 13:05:06.927 Stability LoadFromFile: Section=MeterValue.87 Hash={7C2A73FF-9E2C-4A94-9E41-7BEE9B529B3A} Name=Импульсы MinSampleCount=10 WindowDurationSec=10 TargetValue=0
15.07.2026 13:05:06.937 Stability LoadFromFile: Section=MeterValue.88 Hash={B1C4C59E-844C-43A9-B4BD-DB99B7A9A5F8} Name=Объем MinSampleCount=10 WindowDurationSec=10 TargetValue=0
15.07.2026 13:05:06.948 Stability LoadFromFile: Section=MeterValue.89 Hash={76C29B6F-EA9E-4368-A987-95366E6EB808} Name=Объем MinSampleCount=10 WindowDurationSec=10 TargetValue=0
15.07.2026 13:05:06.959 Stability LoadFromFile: Section=MeterValue.90 Hash={6EDDACE0-B242-4A81-B848-A3386C3E85DA} Name=Объем MinSampleCount=10 WindowDurationSec=10 TargetValue=0
15.07.2026 13:05:49.235 Stability before LoadFromMeterValue: Ptr=069B77A0 Hash={C2293BB9-50FF-4C43-84D4-37B749A1F58B} Name=Объемный расход MinSampleCount=11 WindowDurationSec=11
15.07.2026 13:05:49.258 Stability before LoadFromMeterValue: Ptr=069B77A0 Hash={C2293BB9-50FF-4C43-84D4-37B749A1F58B} Name=Объемный расход MinSampleCount=11 WindowDurationSec=11
15.07.2026 13:05:50.736 Stability before LoadFromMeterValue: Ptr=069B77A0 Hash={C2293BB9-50FF-4C43-84D4-37B749A1F58B} Name=Объемный расход MinSampleCount=11 WindowDurationSec=11
