.lst
ReadMe9.txt
Default.dof
ReadMe-IcsDemos-Clients.txt
ReadMe-IcsDemos-Misc.txt
ReadMe-IcsDemos-Servers.txt
ReadMe-IcsDemos-Tools.txt

Lib\Release\Win32\D7\OverbyteIcsTnOptFrm.dfm
Lib\Release\Win32\D2006\OverbyteIcsTnOptFrm.dfm
Lib\Debug\Win32\D7\OverbyteIcsTnOptFrm.dfm
Lib\Debug\Win32\D2006\OverbyteIcsTnOptFrm.dfm

Install\D7Install.bpg
Install\D2006Install.bdsgroup
Install\D2007Install.groupproj
Install\D2009Install.groupproj
Install\D2010Install.groupproj
Install\DXeInstall.groupproj

Install\D101InstallVcl.groupproj
Install\D102InstallVcl.groupproj
Install\D103InstallVcl.groupproj
Install\D10SInstallVcl.groupproj
Install\DXe2InstallVcl.groupproj
Install\DXe3InstallVcl.groupproj
Install\DXe4InstallVcl.groupproj
Install\DXe5InstallVcl.groupproj
Install\DXe6InstallVcl.groupproj
Install\DXe7InstallVcl.groupproj
Install\DXe8InstallVcl.groupproj

Install\DXe2InstallVclFmx.groupproj
Install\DXe3InstallVclFmx.groupproj
Install\DXe4InstallVclFmx.groupproj
Install\DXe5InstallVclFmx.groupproj
Install\DXE6InstallVclFmx.groupproj
Install\DXE7InstallVclFmx.groupproj
Install\DXE8InstallVclFmx.groupproj
Install\D10SInstallVclFmx.groupproj
Install\D101InstallVclFmx.groupproj
Install\D102InstallVclFmx.groupproj
Install\D103InstallVclFmx.groupproj

Install\IcsInstallFmx.groupproj
Install\IcsInstallVcl.groupproj
Install\IcsInstallVclFmx.groupproj
Install\CBIcsInstallVclFmx.groupproj

Install\icsremoldpacks.cmd
Install\icsremoldpacks.dpr
Install\icsremoldpacks.dproj
Install\icsremoldpacks.exe
Install\icsremoldpacks.res

Packages\OverbyteIcsD7Run.dpk
Packages\OverbyteIcsD7Run.dof
Packages\OverbyteIcsD7Run.res
Packages\OverbyteIcsD7Design.dpk
Packages\OverbyteIcsD7Design.dof
Packages\OverbyteIcsD7Design.res

Packages\OverbyteIcsD2006Run.bdsproj
Packages\OverbyteIcsD2006Run.dpk
Packages\OverbyteIcsD2006Run.res
Packages\OverbyteIcsD2006Design.bdsproj
Packages\OverbyteIcsD2006Design.dpk
Packages\OverbyteIcsD2006Design.res

Packages\OverbyteIcsD2007Run.dproj
Packages\OverbyteIcsD2007Run.dpk
Packages\OverbyteIcsD2007Run.res
Packages\OverbyteIcsD2007Design.dproj
Packages\OverbyteIcsD2007Design.dpk
Packages\OverbyteIcsD2007Design.res

Packages\OverbyteIcsD2009Run.dproj
Packages\OverbyteIcsD2009Run.dpk
Packages\OverbyteIcsD2009Run.res
Packages\OverbyteIcsD2009Design.dproj
Packages\OverbyteIcsD2009Design.dpk
Packages\OverbyteIcsD2009Design.res

Packages\OverbyteIcsD2010Run.dproj
Packages\OverbyteIcsD2010Run.dpk
Packages\OverbyteIcsD2010Run.res
Packages\OverbyteIcsD2010Design.dproj
Packages\OverbyteIcsD2010Design.dpk
Packages\OverbyteIcsD2010Design.res

Packages\OverbyteIcsDXeRun.dproj
Packages\OverbyteIcsDXeRun.dpk
Packages\OverbyteIcsDXeRun.res
Packages\OverbyteIcsDXeDesign.dproj
Packages\OverbyteIcsDXeDesign.dpk
Packages\OverbyteIcsDXeDesign.res

Packages\IcsCommonDXE2Run.dpk
Packages\IcsCommonDXE2Run.dproj
Packages\IcsCommonDXE2Design.dpk
Packages\IcsCommonDXE2Design.dproj

Packages\IcsFmxDXE2Run.dpk
Packages\IcsFmxDXE2Run.dproj
Packages\IcsFmxDXE2Design.dpk
Packages\IcsFmxDXE2Design.dproj

Packages\IcsVclDXE2Run.dpk
Packages\IcsVclDXE2Run.dproj
Packages\IcsVclDXE2Design.dpk
Packages\IcsVclDXE2Design.dproj

Packages\IcsCommonDXE3Run.dpk
Packages\IcsCommonDXE3Run.dproj
Packages\IcsCommonDXE3Design.dpk
Packages\IcsCommonDXE3Design.dproj

Packages\IcsFmxDXE3Run.dpk
Packages\IcsFmxDXE3Run.dproj
Packages\IcsFmxDXE3Design.dpk
Packages\IcsFmxDXE3Design.dproj

Packages\IcsVclDXE3Run.dpk
Packages\IcsVclDXE3Run.dproj
Packages\IcsVclDXE3Design.dpk
Packages\IcsVclDXE3Design.dproj

Packages\IcsCommonDXE4Run.dpk
Packages\IcsCommonDXE4Run.dproj
Packages\IcsCommonDXE4Design.dpk
Packages\IcsCommonDXE4Design.dproj

Packages\IcsFmxDXE4Run.dpk
Packages\IcsFmxDXE4Run.dproj
Packages\IcsFmxDXE4Design.dpk
Packages\IcsFmxDXE4Design.dproj

Packages\IcsVclDXE4Run.dpk
Packages\IcsVclDXE4Run.dproj
Packages\IcsVclDXE4Design.dpk
Packages\IcsVclDXE4Design.dproj

Packages\IcsCommonDXE5Run.dpk
Packages\IcsCommonDXE5Run.dproj
Packages\IcsCommonDXE5Design.dpk
Packages\IcsCommonDXE5Design.dproj

Packages\IcsFmxDXE5Run.dpk
Packages\IcsFmxDXE5Run.dproj
Packages\IcsFmxDXE5Design.dpk
Packages\IcsFmxDXE5Design.dproj

Packages\IcsVclDXE5Run.dpk
Packages\IcsVclDXE5Run.dproj
Packages\IcsVclDXE5Design.dpk
Packages\IcsVclDXE5Design.dproj

Packages\IcsCommonDXE6Run.dpk
Packages\IcsCommonDXE6Run.dproj
Packages\IcsCommonDXE6Design.dpk
Packages\IcsCommonDXE6Design.dproj

Packages\IcsFmxDXE6Run.dpk
Packages\IcsFmxDXE6Run.dproj
Packages\IcsFmxDXE6Design.dpk
Packages\IcsFmxDXE6Design.dproj

Packages\IcsVclDXE6Run.dpk
Packages\IcsVclDXE6Run.dproj
Packages\IcsVclDXE6Design.dpk
Packages\IcsVclDXE6Design.dproj

Packages\IcsCommonDXE7Run.dpk
Packages\IcsCommonDXE7Run.dproj
Packages\IcsCommonDXE7Design.dpk
Packages\IcsCommonDXE7Design.dproj

Packages\IcsFmxDXE7Run.dpk
Packages\IcsFmxDXE7Run.dproj
Packages\IcsFmxDXE7Design.dpk
Packages\IcsFmxDXE7Design.dproj

Packages\IcsVclDXE7Run.dpk
Packages\IcsVclDXE7Run.dproj
Packages\IcsVclDXE7Design.dpk
Packages\IcsVclDXE7Design.dproj

Packages\IcsCommonDXE8Run.dpk
Packages\IcsCommonDXE8Run.dproj
Packages\IcsCommonDXE8Design.dpk
Packages\IcsCommonDXE8Design.dproj

Packages\IcsFmxDXE8Run.dpk
Packages\IcsFmxDXE8Run.dproj
Packages\IcsFmxDXE8Design.dpk
Packages\IcsFmxDXE8Design.dproj

Packages\IcsVclDXE8Run.dpk
Packages\IcsVclDXE8Run.dproj
Packages\IcsVclDXE8Design.dpk
Packages\IcsVclDXE8Design.dproj

Packages\IcsCommonD10SRun.dpk
Packages\IcsCommonD10SRun.dproj
Packages\IcsCommonD10SDesign.dpk
Packages\IcsCommonD10SDesign.dproj

Packages\IcsFmxD10SRun.dpk
Packages\IcsFmxD10SRun.dproj
Packages\IcsFmxD10SDesign.dpk
Packages\IcsFmxD10SDesign.dproj

Packages\IcsVclD10SRun.dpk
Packages\IcsVclD10SRun.dproj
Packages\IcsVclD10SDesign.dpk
Packages\IcsVclD10SDesign.dproj

Packages\IcsCommonD101Run.dpk
Packages\IcsCommonD101Run.dproj
Packages\IcsCommonD101Design.dpk
Packages\IcsCommonD101Design.dproj

Packages\IcsFmxD101Run.dpk
Packages\IcsFmxD101Run.dproj
Packages\IcsFmxD101Design.dpk
Packages\IcsFmxD101Design.dproj

Packages\IcsVclD101Run.dpk
Packages\IcsVclD101Run.dproj
Packages\IcsVclD101Design.dpk
Packages\IcsVclD101Design.dproj

Packages\IcsCommonD102Run.dpk
Packages\IcsCommonD102Run.dproj
Packages\IcsCommonD102Design.dpk
Packages\IcsCommonD102Design.dproj

Packages\IcsFmxD102Run.dpk
Packages\IcsFmxD102Run.dproj
Packages\IcsFmxD102Design.dpk
Packages\IcsFmxD102Design.dproj

Packages\IcsVclD102Run.dpk
Packages\IcsVclD102Run.dproj
Packages\IcsVclD102Design.dpk
Packages\IcsVclD102Design.dproj

Packages\IcsCommonD103Run.dpk
Packages\IcsCommonD103Run.dproj
Packages\IcsCommonD103Design.dpk
Packages\IcsCommonD103Design.dproj

Packages\IcsFmxD103Run.dpk
Packages\IcsFmxD103Run.dproj
Packages\IcsFmxD103Design.dpk
Packages\IcsFmxD103Design.dproj

Packages\IcsVclD103Run.dpk
Packages\IcsVclD103Run.dproj
Packages\IcsVclD103Design.dpk
Packages\IcsVclD103Design.dproj

Packages\IcsCommonNewDesign.dpk
Packages\IcsCommonNewDesign.dproj
Packages\IcsCommonNewDesign.res
Packages\IcsCommonNewRun.dpk
Packages\IcsCommonNewRun.dproj
Packages\IcsCommonNewRun.res

Packages\IcsFmxNewDesign.dpk
Packages\IcsFmxNewDesign.dproj
Packages\IcsFmxNewDesign.res
Packages\IcsFmxNewRun.dpk
Packages\IcsFmxNewRun.dproj
Packages\IcsFmxNewRun.res

Packages\IcsVclNewDesign.dpk
Packages\IcsVclNewDesign.dproj
Packages\IcsVclNewDesign.res
Packages\IcsVclNewRun.dpk
Packages\IcsVclNewRun.dproj
Packages\IcsVclNewRun.res

Packages\IcsCommonCBNewDesign.cbproj
Packages\IcsCommonCBNewDesign.cpp
Packages\IcsCommonCBNewRun.cbproj
Packages\IcsCommonCBNewRun.cpp

Packages\IcsFmxCBNewDesign.cbproj
Packages\IcsFmxCBNewDesign.cpp
Packages\IcsFmxCBNewRun.cbproj
Packages\IcsFmxCBNewRun.cpp

Packages\IcsVclCBNewDesign.cbproj
Packages\IcsVclCBNewDesign.cpp
Packages\IcsVclCBNewRun.cbproj
Packages\IcsVclCBNewRun.cpp

Packages\OverbyteIcsProductIcon.res

Source\OverbyteIcsAsn1Utils.pas
Source\OverbyteIcsAvlTrees.pas
Source\OverbyteIcsCRC.pas
Source\OverbyteIcsCharsetComboBox.dcr
Source\OverbyteIcsCharsetComboBox.pas
Source\OverbyteIcsCharsetUtils.pas
Source\OverbyteIcsCommonVersion.rc
Source\OverbyteIcsCommonVersion.res
Source\OverbyteIcsCookies.dcr
Source\OverbyteIcsCookies.pas
Source\OverbyteIcsCryptUiApi.pas
Source\OverbyteIcsCsc.pas
Source\OverbyteIcsDES.pas
Source\OverbyteIcsDigestAuth.pas
Source\OverbyteIcsDnsQuery.dcr
Source\OverbyteIcsDnsQuery.pas
Source\OverbyteIcsDprUpdFix.pas
Source\OverbyteIcsEmulVT.dcr
Source\OverbyteIcsEmulVT.pas
Source\OverbyteIcsFingCli.dcr
Source\OverbyteIcsFingCli.pas
Source\OverbyteIcsFormDataDecoder.pas
Source\OverbyteIcsFtpCli.dcr
Source\OverbyteIcsFtpCli.pas
Source\OverbyteIcsFtpSrv.dcr
Source\OverbyteIcsFtpSrv.pas
Source\OverbyteIcsFtpSrvT.pas
Source\OverbyteIcsHttpAppServer.dcr
Source\OverbyteIcsHttpAppServer.pas
Source\OverbyteIcsHttpCCodZLib.pas
Source\OverbyteIcsHttpContCod.pas
Source\OverbyteIcsHttpProt.dcr
Source\OverbyteIcsHttpProt.pas
Source\OverbyteIcsHttpSrv.dcr
Source\OverbyteIcsHttpSrv.pas
Source\OverbyteIcsIcmp.pas
Source\OverbyteIcsIconv.pas
Source\OverbyteIcsIniFiles.pas
Source\OverbyteIcsJwaWinCrypt.inc
Source\OverbyteIcsLIBEAY.pas
Source\OverbyteIcsLogger.dcr
Source\OverbyteIcsLogger.pas
Source\OverbyteIcsMD4.pas
Source\OverbyteIcsMD5.pas
Source\OverbyteIcsMLang.pas
Source\OverbyteIcsMimeDec.dcr
Source\OverbyteIcsMimeDec.pas
Source\OverbyteIcsMimeUtils.dcr
Source\OverbyteIcsMimeUtils.pas
Source\OverbyteIcsMsSslUtils.pas
Source\OverbyteIcsMultiProgressBar.dcr
Source\OverbyteIcsMultiProgressBar.pas
Source\OverbyteIcsMultipartFtpDownloader.dcr
Source\OverbyteIcsMultipartFtpDownloader.pas
Source\OverbyteIcsMultipartHttpDownloader.dcr
Source\OverbyteIcsMultipartHttpDownloader.pas
Source\OverbyteIcsNntpCli.dcr
Source\OverbyteIcsNntpCli.pas
Source\OverbyteIcsNtlmMsgs.pas
Source\OverbyteIcsNtlmSsp.pas
Source\OverbyteIcsOneTimePw.pas
Source\OverbyteIcsPing.dcr
Source\OverbyteIcsPing.pas
Source\OverbyteIcsPop3Prot.dcr
Source\OverbyteIcsPop3Prot.pas
Source\OverbyteIcsProxy.dcr
Source\OverbyteIcsProxy.pas
Source\OverbyteIcsReg.pas
Source\OverbyteIcsSHA1.pas
Source\OverbyteIcsSSLEAY.pas
Source\OverbyteIcsSmtpProt.dcr
Source\OverbyteIcsSmtpProt.pas
Source\OverbyteIcsSmtpSrv.dcr
Source\OverbyteIcsSmtpSrv.pas
Source\OverbyteIcsSnmpCli.dcr
Source\OverbyteIcsSnmpCli.pas
Source\OverbyteIcsSnmpMsgs.pas
Source\OverbyteIcsSocketUtils.pas
Source\OverbyteIcsSslHttpOAuth.dcr
Source\OverbyteIcsSslHttpOAuth.pas
Source\OverbyteIcsSslHttpRest.dcr
Source\OverbyteIcsSslHttpRest.pas
Source\OverbyteIcsSslJose.pas
Source\OverbyteIcsSslSessionCache.dcr
Source\OverbyteIcsSslSessionCache.pas
Source\OverbyteIcsSslX509Certs.dcr
Source\OverbyteIcsSslX509Certs.pas
Source\OverbyteIcsSslX509Utils.pas
Source\OverbyteIcsSspi.pas
Source\OverbyteIcsStreams.pas
Source\OverbyteIcsSuperObject.pas
Source\OverbyteIcsSuperXMLParser.pas
Source\OverbyteIcsSysLogClient.dcr
Source\OverbyteIcsSysLogClient.pas
Source\OverbyteIcsSysLogDefs.pas
Source\OverbyteIcsSysLogServer.dcr
Source\OverbyteIcsSysLogServer.pas
Source\OverbyteIcsThreadTimer.pas
Source\OverbyteIcsTicks64.pas
Source\OverbyteIcsTimeList.dcr
Source\OverbyteIcsTimeList.pas
Source\OverbyteIcsTnCnx.dcr
Source\OverbyteIcsTnCnx.pas
Source\OverbyteIcsTnEmulVT.dcr
Source\OverbyteIcsTnEmulVT.pas
Source\OverbyteIcsTnOptFrm.dfm
Source\OverbyteIcsTnOptFrm.pas
Source\OverbyteIcsTnScript.dcr
Source\OverbyteIcsTnScript.pas
Source\OverbyteIcsTypes.pas
Source\OverbyteIcsURL.pas
Source\OverbyteIcsUtils.pas
Source\OverbyteIcsWSockBuf.pas
Source\OverbyteIcsWSocket.TWSocket.bmp
Source\OverbyteIcsWSocket.dcr
Source\OverbyteIcsWSocket.pas
Source\OverbyteIcsWSocketE.pas
Source\OverbyteIcsWSocketS.dcr
Source\OverbyteIcsWSocketS.pas
Source\OverbyteIcsWSocketTS.dcr
Source\OverbyteIcsWSocketTS.pas
Source\OverbyteIcsWebSession.pas
Source\OverbyteIcsWinSock.pas
Source\OverbyteIcsWinnls.pas
Source\OverbyteIcsWndControl.pas
Source\OverbyteIcsXp.manifest
Source\OverbyteIcsXpManifest.rc
Source\OverbyteIcsXpManifest.res
Source\OverbyteIcsZLibDll.pas
Source\OverbyteIcsZLibObj.pas
Source\OverbyteIcsZlibHigh.pas

Source\OverbyteIcsBlacklist.dcr
Source\OverbyteIcsBlacklist.pas
Source\OverbyteIcsIpStreamLog.dcr
Source\OverbyteIcsIpStreamLog.pas
Source\OverbyteIcsMailQueue.dcr
Source\OverbyteIcsMailQueue.pas
Source\OverbyteIcsSntp.dcr
Source\OverbyteIcsSntp.pas
Source\OverbyteIcsWhoisCli.dcr
Source\OverbyteIcsWhoisCli.pas
Source\OverbyteIcsFileCopy.dcr
Source\OverbyteIcsFileCopy.pas
Source\OverbyteIcsFtpMulti.dcr
Source\OverbyteIcsFtpMulti.pas
Source\OverbyteIcsHttpMulti.dcr
Source\OverbyteIcsHttpMulti.pas
Source\OverbyteIcsHtmlPars.pas
Source\OverbyteIcsOAuthFormFmx.dcr
Source\OverbyteIcsOAuthFormFmx.fmx
Source\OverbyteIcsOAuthFormFmx.pas
Source\OverbyteIcsOAuthFormVcl.dcr
Source\OverbyteIcsOAuthFormVcl.dfm
Source\OverbyteIcsOAuthFormVcl.pas
Source\OverbyteIcsMQTT.dcr
Source\OverbyteIcsMQTT.pas
Source\OverbyteIcsMonCommon.dcr
Source\OverbyteIcsMonCommon.pas
Source\OverbyteIcsMonNdis.pas
Source\OverbyteIcsMonPcap.dcr
Source\OverbyteIcsMonPcap.pas
Source\OverbyteIcsMonSock.dcr
Source\OverbyteIcsMonSock.pas
Source\OverbyteIcsIpHlpApi.pas
Source\OverbyteIcsIpUtils.pas
Source\OverbyteIcsWinCrypt.pas
Source\Overbyteicswincrypt.hpp
Source\OverbyteIcsWebSocketS.pas
Source\OverbyteIcsWebSocketCli.dcr
Source\OverbyteIcsWebSocketCli.pas
Source\OverbyteIcsWebSocketSrv.pas
Source\OverbyteIcsWMI.pas
Source\WbemScripting_TLB.dcr
Source\WbemScripting_TLB.pas
Source\OverbyteIcsDnsHttps.dcr
Source\OverbyteIcsDnsHttps.pas
Source\OverbyteIcsHtmlUtils.pas
Source\OverbyteIcsSslBase.dcr
Source\OverbyteIcsSslBase.pas
Source\OverbyteIcsSslUtils.dcr
Source\OverbyteIcsSslUtils.pas
Source\OverbyteIcsAppMonCli.pas
Source\OverbyteIcsAppMonSrv.pas
Source\OverbyteIcsWinUtils.pas

Source\OverbyteIcsMessMan.pas
Source\NX.Horizon.pas

Source\OverbyteIcsFileCopyW.dcr
Source\OverbyteIcsFileCopyW.pas
Source\OverbyteIcsFtpMultiW.dcr
Source\OverbyteIcsFtpMultiW.pas
Source\OverbyteIcsHttpMultiW.dcr
Source\OverbyteIcsHttpMultiW.pas
Source\OverbyteIcsFtpCliW.dcr
Source\OverbyteIcsFtpCliW.pas
Source\OverbyteIcsFtpSrvW.dcr
Source\OverbyteIcsFtpSrvW.pas
Source\OverbyteIcsFtpSrvWT.pas

Source\Include\Ics.InterlockedApi.inc
Source\Include\OverbyteIcsDefs.inc
Source\Include\OverbyteVclZip.inc

Source\Ics.Fmx.OverbyteIcsMsSslUtils.pas
Source\Ics.Fmx.OverbyteIcsProxy.pas
Source\Ics.Fmx.OverbyteIcsSslHttpRest.pas
Source\Ics.Fmx.OverbyteIcsSslJose.pas
Source\Ics.Fmx.OverbyteIcsSslHttpOAuth.pas
Source\Ics.Fmx.OverbyteIcsSslX509Certs.pas
Source\Ics.Fmx.OverbyteIcsSslX509Utils.pas
Source\Ics.Fmx.OverByteIcsWSocketE.pas
Source\Ics.Fmx.OverbyteIcsCharsetComboBox.pas
Source\Ics.Fmx.OverbyteIcsDnsQuery.pas
Source\Ics.Fmx.OverbyteIcsFingCli.pas
Source\Ics.Fmx.OverbyteIcsFtpCli.pas
Source\Ics.Fmx.OverbyteIcsFtpSrv.pas
Source\Ics.Fmx.OverbyteIcsHttpAppServer.pas
Source\Ics.Fmx.OverbyteIcsHttpProt.pas
Source\Ics.Fmx.OverbyteIcsHttpSrv.pas
Source\Ics.Fmx.OverbyteIcsIcmp.pas
Source\Ics.Fmx.OverbyteIcsIpUtils.pas
Source\Ics.Fmx.OverbyteIcsMultipartFtpDownloader.pas
Source\Ics.Fmx.OverbyteIcsMultipartHttpDownloader.pas
Source\Ics.Fmx.OverbyteIcsNntpCli.pas
Source\Ics.Fmx.OverbyteIcsPing.pas
Source\Ics.Fmx.OverbyteIcsPop3Prot.pas
Source\Ics.Fmx.OverbyteIcsReg.pas
Source\Ics.Fmx.OverbyteIcsSmtpProt.pas
Source\Ics.Fmx.OverbyteIcsSocketUtils.pas
Source\Ics.Fmx.OverbyteIcsSslSessionCache.pas
Source\Ics.Fmx.OverbyteIcsThreadTimer.pas
Source\Ics.Fmx.OverbyteIcsWSocket.pas
Source\Ics.Fmx.OverbyteIcsWSocketS.pas
Source\Ics.Fmx.OverbyteIcsWndControl.pas
Source\Ics.Fmx.OverbyteIcsWebSocketCli.pas
Source\Ics.Fmx.OverbyteIcsWebSocketSrv.pas

Source\Ics.Fmx.OverbyteIcsBlacklist.pas
Source\Ics.Fmx.OverbyteIcsIpStreamLog.pas
Source\Ics.Fmx.OverbyteIcsMailQueue.pas
Source\Ics.Fmx.OverbyteIcsSntp.pas
Source\Ics.Fmx.OverbyteIcsWhoisCli.pas
Source\Ics.Fmx.OverbyteIcsFileCopy.pas
Source\Ics.Fmx.OverbyteIcsFtpMulti.pas
Source\Ics.Fmx.OverbyteIcsHttpMulti.pas

Source\Ics.Fmx.OverbyteIcsDnsHttps.pas
Source\Ics.Fmx.OverbyteIcsSslBase.pas
Source\Ics.Fmx.OverbyteIcsSslUtils.pas

Source\Ics.Fmx.OverbyteIcsMessMan.pas

Source\Ics.Vcl.OverbyteIcsReg.pas

Source\zobj1212\adler32.obj
Source\zobj1212\compress.obj
Source\zobj1212\crc32.obj
Source\zobj1212\deflate.obj
Source\zobj1212\infback.obj
Source\zobj1212\inffast.obj
Source\zobj1212\inflate.obj
Source\zobj1212\inftrees.obj
Source\zobj1212\trees.obj
Source\zobj1212\uncompr.obj
Source\zobj1212\zutil.obj

Source\zobj1212\win64\adler32.obj
Source\zobj1212\win64\compress.obj
Source\zobj1212\win64\crc32.obj
Source\zobj1212\win64\deflate.obj
Source\zobj1212\win64\infback.obj
Source\zobj1212\win64\inffast.obj
Source\zobj1212\win64\inflate.obj
Source\zobj1212\win64\inftrees.obj
Source\zobj1212\win64\trees.obj
Source\zobj1212\win64\uncompr.obj
Source\zobj1212\win64\zutil.obj

Source\LibV30OpenSSL32.RES
Source\LibV30OpenSSL64.RES
Source\LibV32OpenSSL32.RES
Source\LibV32OpenSSL64.RES
Source\LibV33OpenSSL32.RES
Source\LibV33OpenSSL64.RES
Source\LibV34OpenSSL32.RES
Source\LibV34OpenSSL64.RES
Source\RootCaCertsBundle.RES
Source\sslRootCACertsBundle.RES
Source\TrustedCaBundle.RES
Source\ICSCerts.RES
Source\ICSPortList.RES
Source\nmap-mac-prefixes.RES
Source\BuildICSResCerts.cmd
Source\BuildICSResFiles.cmd
Source\ICSCerts.RC
Source\ICSPortList.RC
Source\ICSPortList.txt
Source\ICSRootCA.pem
Source\ICS_Intermediate_Short-bundle.pem
Source\nmap-mac-prefixes.RC
Source\nmap-mac-prefixes.txt
Source\IcsIcon.gif
Source\IcsIcon16.ico
Source\IcsIcon24.bmp
Source\IcsIcon24.ico
Source\ICSMedia.RC
Source\ICSMedia.RES

ICS-OpenSSL\3400.txt
ICS-OpenSSL\DefRootCABundle.pem
ICS-OpenSSL\ExtraRootCABundle.pem
ICS-OpenSSL\legacy-x64.dll
ICS-OpenSSL\legacy.dll
ICS-OpenSSL\libcrypto-3-x64.dll
ICS-OpenSSL\libcrypto-3.dll
ICS-OpenSSL\libssl-3-x64.dll
ICS-OpenSSL\libssl-3.dll
ICS-OpenSSL\LICENSE.txt
ICS-OpenSSL\openssl.exe
ICS-OpenSSL\readme.txt
ICS-OpenSSL\Version.txt

ICS-OpenSSL\ICS-Certs\InterCaCertsBundle.pem
ICS-OpenSSL\ICS-Certs\dhparam2048.pem
ICS-OpenSSL\ICS-Certs\ics-client-test.pem
ICS-OpenSSL\ICS-Certs\ics-client-test.pfx
ICS-OpenSSL\ICS-Certs\jose-ec-prvkey.pem
ICS-OpenSSL\ICS-Certs\jose-ec-pubkey.pem
ICS-OpenSSL\ICS-Certs\jose-ed25519-prvkey.pem
ICS-OpenSSL\ICS-Certs\jose-ed25519-pubkey.pem
ICS-OpenSSL\ICS-Certs\jose-rsa-prvkey.pem
ICS-OpenSSL\ICS-Certs\jose-rsa-pubkey.pem
ICS-OpenSSL\ICS-Certs\jose-rsapss-prvkey.pem
ICS-OpenSSL\ICS-Certs\jose-rsapss-pubkey.pem
ICS-OpenSSL\ICS-Certs\localhost-bundle.pem
ICS-OpenSSL\ICS-Certs\localhost.pfx

ICS-OpenSSL\ICS-RootCAs\ICSRootCA.p12
ICS-OpenSSL\ICS-RootCAs\ICSRootCA.pem
ICS-OpenSSL\ICS-RootCAs\ICS_Intermediate.pem
ICS-OpenSSL\ICS-RootCAs\ICS_Intermediate_Short-bundle.pem
ICS-OpenSSL\ICS-RootCAs\ICS_Intermediate_Short.pem
ICS-OpenSSL\ICS-RootCAs\ICS_Intermediate_Short.pfx
ICS-OpenSSL\ICS-RootCAs\RootCaCertsBundle.p12
ICS-OpenSSL\ICS-RootCAs\RootCaCertsBundle.pem
ICS-OpenSSL\ICS-RootCAs\TrustedCaBundle.p12
ICS-OpenSSL\ICS-RootCAs\TrustedCaBundle.pem
ICS-OpenSSL\ICS-RootCAs\sslRootCACertsBundle.p12
ICS-OpenSSL\ICS-RootCAs\sslRootCACertsBundle.pem

demos-cpp-vcl\demos-cpp-vcl.groupproj
demos-cpp-vcl\OverbyteIcsBasNntp.cbproj
demos-cpp-vcl\OverbyteIcsBasNntp.cpp
demos-cpp-vcl\OverbyteIcsBasNntp1.cpp
demos-cpp-vcl\OverbyteIcsBasNntp1.dfm
demos-cpp-vcl\OverbyteIcsBasNntp1.h
demos-cpp-vcl\OverbyteIcsCli5.cpp
demos-cpp-vcl\OverbyteIcsCli5.dfm
demos-cpp-vcl\OverbyteIcsCli5.h
demos-cpp-vcl\OverbyteIcsCli7.cpp
demos-cpp-vcl\OverbyteIcsCli7.dfm
demos-cpp-vcl\OverbyteIcsCli7.h
demos-cpp-vcl\OverbyteIcsCliCertDlg.cpp
demos-cpp-vcl\OverbyteIcsCliCertDlg.dfm
demos-cpp-vcl\OverbyteIcsCliCertDlg.h
demos-cpp-vcl\OverbyteIcsCliDemo.cbproj
demos-cpp-vcl\OverbyteIcsCliDemo.cpp
demos-cpp-vcl\OverbyteIcsCliDemo1.cpp
demos-cpp-vcl\OverbyteIcsCliDemo1.dfm
demos-cpp-vcl\OverbyteIcsCliDemo1.h
demos-cpp-vcl\OverbyteIcsClient5.cbproj
demos-cpp-vcl\OverbyteIcsClient5.cpp
demos-cpp-vcl\OverbyteIcsClient7.cbproj
demos-cpp-vcl\OverbyteIcsClient7.cpp
demos-cpp-vcl\OverbyteIcsDllTst.cbproj
demos-cpp-vcl\OverbyteIcsDllTst.cpp
demos-cpp-vcl\OverbyteIcsDllTst1.cpp
demos-cpp-vcl\OverbyteIcsDllTst1.dfm
demos-cpp-vcl\OverbyteIcsDllTst1.h
demos-cpp-vcl\OverbyteIcsFinger.cbproj
demos-cpp-vcl\OverbyteIcsFinger.cpp
demos-cpp-vcl\OverbyteIcsFinger1.cpp
demos-cpp-vcl\OverbyteIcsFinger1.dfm
demos-cpp-vcl\OverbyteIcsFinger1.h
demos-cpp-vcl\OverbyteIcsFormPos.cpp
demos-cpp-vcl\OverbyteIcsFormPos.h
demos-cpp-vcl\OverbyteIcsFtpServ.cbproj
demos-cpp-vcl\OverbyteIcsFtpServ.cpp
demos-cpp-vcl\OverbyteIcsFtpSrv1.cpp
demos-cpp-vcl\OverbyteIcsFtpSrv1.dfm
demos-cpp-vcl\OverbyteIcsFtpSrv1.h
demos-cpp-vcl\OverbyteIcsFtpTst.cbproj
demos-cpp-vcl\OverbyteIcsFtpTst.cpp
demos-cpp-vcl\OverbyteIcsFtpTst1.cpp
demos-cpp-vcl\OverbyteIcsFtpTst1.dfm
demos-cpp-vcl\OverbyteIcsFtpTst1.h
demos-cpp-vcl\OverbyteIcsFtpTst2.cpp
demos-cpp-vcl\OverbyteIcsFtpTst2.dfm
demos-cpp-vcl\OverbyteIcsFtpTst2.h
demos-cpp-vcl\OverbyteIcsHttpPg.cbproj
demos-cpp-vcl\OverbyteIcsHttpPg.cpp
demos-cpp-vcl\OverbyteIcsHttpPg1.cpp
demos-cpp-vcl\OverbyteIcsHttpPg1.dfm
demos-cpp-vcl\OverbyteIcsHttpPg1.h
demos-cpp-vcl\OverbyteIcsHttpsTst.cbproj
demos-cpp-vcl\OverbyteIcsHttpsTst.cpp
demos-cpp-vcl\OverbyteIcsHttpsTst1.cpp
demos-cpp-vcl\OverbyteIcsHttpsTst1.dfm
demos-cpp-vcl\OverbyteIcsHttpsTst1.h
demos-cpp-vcl\OverbyteIcsHttpTst.cbproj
demos-cpp-vcl\OverbyteIcsHttpTst.cpp
demos-cpp-vcl\OverbyteIcsHttpTst1.cpp
demos-cpp-vcl\OverbyteIcsHttpTst1.dfm
demos-cpp-vcl\OverbyteIcsHttpTst1.h
demos-cpp-vcl\OverbyteIcsMailRcv.cbproj
demos-cpp-vcl\OverbyteIcsMailRcv.cpp
demos-cpp-vcl\OverbyteIcsMailRcv1.cpp
demos-cpp-vcl\OverbyteIcsMailRcv1.dfm
demos-cpp-vcl\OverbyteIcsMailRcv1.h
demos-cpp-vcl\OverbyteIcsMailRcv2.cpp
demos-cpp-vcl\OverbyteIcsMailRcv2.dfm
demos-cpp-vcl\OverbyteIcsMailRcv2.h
demos-cpp-vcl\OverbyteIcsMailSnd.cbproj
demos-cpp-vcl\OverbyteIcsMailSnd.cpp
demos-cpp-vcl\OverbyteIcsMailSnd1.cpp
demos-cpp-vcl\OverbyteIcsMailSnd1.dfm
demos-cpp-vcl\OverbyteIcsMailSnd1.h
demos-cpp-vcl\OverbyteIcsMtSrv.cbproj
demos-cpp-vcl\OverbyteIcsMtSrv.cpp
demos-cpp-vcl\OverbyteIcsMtSrv1.cpp
demos-cpp-vcl\OverbyteIcsMtSrv1.dfm
demos-cpp-vcl\OverbyteIcsMtSrv1.h
demos-cpp-vcl\OverbyteIcsMtSrv2.cpp
demos-cpp-vcl\OverbyteIcsMtSrv2.h
demos-cpp-vcl\OverbyteIcsNewsRdr.cbproj
demos-cpp-vcl\OverbyteIcsNewsRdr.cpp
demos-cpp-vcl\OverbyteIcsNewsRdr1.cpp
demos-cpp-vcl\OverbyteIcsNewsRdr1.dfm
demos-cpp-vcl\OverbyteIcsNewsRdr1.h
demos-cpp-vcl\OverbyteIcsNsLook.cbproj
demos-cpp-vcl\OverbyteIcsNsLook.cpp
demos-cpp-vcl\OverbyteIcsNsLook1.cpp
demos-cpp-vcl\OverbyteIcsNsLook1.dfm
demos-cpp-vcl\OverbyteIcsNsLook1.h
demos-cpp-vcl\OverbyteIcsPingTst.cbproj
demos-cpp-vcl\OverbyteIcsPingTst.cpp
demos-cpp-vcl\OverbyteIcsPingTst1.cpp
demos-cpp-vcl\OverbyteIcsPingTst1.dfm
demos-cpp-vcl\OverbyteIcsPingTst1.h
demos-cpp-vcl\OverbyteIcsRecv.cbproj
demos-cpp-vcl\OverbyteIcsRecv.cpp
demos-cpp-vcl\OverbyteIcsRecv1.cpp
demos-cpp-vcl\OverbyteIcsRecv1.dfm
demos-cpp-vcl\OverbyteIcsRecv1.h
demos-cpp-vcl\OverbyteIcsReverseDnsSync.cbproj
demos-cpp-vcl\OverbyteIcsReverseDnsSync.cpp
demos-cpp-vcl\OverbyteIcsReverseDnsSync1.cpp
demos-cpp-vcl\OverbyteIcsReverseDnsSync1.dfm
demos-cpp-vcl\OverbyteIcsReverseDnsSync1.h
demos-cpp-vcl\OverbyteIcsSender.cbproj
demos-cpp-vcl\OverbyteIcsSender.cpp
demos-cpp-vcl\OverbyteIcsSender1.cpp
demos-cpp-vcl\OverbyteIcsSender1.dfm
demos-cpp-vcl\OverbyteIcsSender1.h
demos-cpp-vcl\OverbyteIcsServer5.cbproj
demos-cpp-vcl\OverbyteIcsServer5.cpp
demos-cpp-vcl\OverbyteIcsSocks.cbproj
demos-cpp-vcl\OverbyteIcsSocks.cpp
demos-cpp-vcl\OverbyteIcsSocks1.cpp
demos-cpp-vcl\OverbyteIcsSocks1.dfm
demos-cpp-vcl\OverbyteIcsSocks1.h
demos-cpp-vcl\OverbyteIcsSrv5.cpp
demos-cpp-vcl\OverbyteIcsSrv5.dfm
demos-cpp-vcl\OverbyteIcsSrv5.h
demos-cpp-vcl\OverbyteIcsSrvDemo.cbproj
demos-cpp-vcl\OverbyteIcsSrvDemo.cpp
demos-cpp-vcl\OverbyteIcsSrvDemo1.cpp
demos-cpp-vcl\OverbyteIcsSrvDemo1.dfm
demos-cpp-vcl\OverbyteIcsSrvDemo1.h
demos-cpp-vcl\OverbyteIcsSrvDemo2.cpp
demos-cpp-vcl\OverbyteIcsSrvDemo2.dfm
demos-cpp-vcl\OverbyteIcsSrvDemo2.h
demos-cpp-vcl\OverbyteIcsTcpSrv.cbproj
demos-cpp-vcl\OverbyteIcsTcpSrv.cpp
demos-cpp-vcl\OverbyteIcsTcpSrv1.cpp
demos-cpp-vcl\OverbyteIcsTcpSrv1.dfm
demos-cpp-vcl\OverbyteIcsTcpSrv1.h
demos-cpp-vcl\OverbyteIcsTnCli.cbproj
demos-cpp-vcl\OverbyteIcsTnCli.cpp
demos-cpp-vcl\OverbyteIcsTnCli1.cpp
demos-cpp-vcl\OverbyteIcsTnCli1.dfm
demos-cpp-vcl\OverbyteIcsTnCli1.h
demos-cpp-vcl\OverbyteIcsTnDemo.cbproj
demos-cpp-vcl\OverbyteIcsTnDemo.cpp
demos-cpp-vcl\OverbyteIcsTnDemo1.cpp
demos-cpp-vcl\OverbyteIcsTnDemo1.dfm
demos-cpp-vcl\OverbyteIcsTnDemo1.h
demos-cpp-vcl\OverbyteIcsTnSrv.cbproj
demos-cpp-vcl\OverbyteIcsTnSrv.cpp
demos-cpp-vcl\OverbyteIcsTnSrv1.cpp
demos-cpp-vcl\OverbyteIcsTnSrv1.dfm
demos-cpp-vcl\OverbyteIcsTnSrv1.h
demos-cpp-vcl\OverbyteIcsTnSrv2.cpp
demos-cpp-vcl\OverbyteIcsTnSrv2.dfm
demos-cpp-vcl\OverbyteIcsTnSrv2.h
demos-cpp-vcl\OverbyteIcsTwsChat.cbproj
demos-cpp-vcl\OverbyteIcsTwsChat.cpp
demos-cpp-vcl\OverbyteIcsTwsChat1.cpp
demos-cpp-vcl\OverbyteIcsTwsChat1.dfm
demos-cpp-vcl\OverbyteIcsTwsChat1.h
demos-cpp-vcl\OverbyteIcsUdpLstn.cbproj
demos-cpp-vcl\OverbyteIcsUdpLstn.cpp
demos-cpp-vcl\OverbyteIcsUdpLstn1.cpp
demos-cpp-vcl\OverbyteIcsUdpLstn1.dfm
demos-cpp-vcl\OverbyteIcsUdpLstn1.h
demos-cpp-vcl\OverbyteIcsUdpSend.cbproj
demos-cpp-vcl\OverbyteIcsUdpSend.cpp
demos-cpp-vcl\OverbyteIcsUdpSend1.cpp
demos-cpp-vcl\OverbyteIcsUdpSend1.dfm
demos-cpp-vcl\OverbyteIcsUdpSend1.h
demos-cpp-vcl\OverbyteIcsWebServ.cbproj
demos-cpp-vcl\OverbyteIcsWebServ.cpp
demos-cpp-vcl\OverbyteIcsWebServ1.cpp
demos-cpp-vcl\OverbyteIcsWebServ1.dfm
demos-cpp-vcl\OverbyteIcsWebServ1.h

demos-data\clients.MDX
demos-data\hackfilterlist.txt
demos-data\mime-demo1.txt
demos-data\mime-demo2.txt
demos-data\mime-demo3.txt
demos-data\mime-demo4.txt
demos-data\mime-demo5.txt
demos-data\mime.types
demos-data\WebAppServerData\Data\AttemptsBlacklist.lst
demos-data\WebAppServerData\Data\Counters.ini
demos-data\WebAppServerData\Data\HackBlacklist.lst
demos-data\WebAppServerData\Data\Sessions.dat
demos-data\WebAppServerData\DWScripts\Hello.pas
demos-data\WebAppServerData\Templates\Config.html
demos-data\WebAppServerData\Templates\ConfigConfirm.html
demos-data\WebAppServerData\Templates\CounterView.html
demos-data\WebAppServerData\Templates\DemoAuthAll.html
demos-data\WebAppServerData\Templates\HeadForm.html
demos-data\WebAppServerData\Templates\HomePage.html
demos-data\WebAppServerData\Templates\Index.html
demos-data\WebAppServerData\Templates\JavascriptError.html
demos-data\WebAppServerData\Templates\LoginForm.html
demos-data\WebAppServerData\Templates\maildone.html
demos-data\WebAppServerData\Templates\mailer.html
demos-data\WebAppServerData\Templates\Moved.html
demos-data\WebAppServerData\Templates\NotLogged.html
demos-data\WebAppServerData\Templates\postinfo.html
demos-data\WebAppServerData\Templates\uploadfile.html
demos-data\WebAppServerData\Templates\websocketclient.html
demos-data\WebAppServerData\Uploads\dir.txt
demos-data\WebAppServerData\wwwRoot\Form.html
demos-data\WebAppServerData\wwwRoot\HelloWorld.class
demos-data\WebAppServerData\wwwRoot\HelloWorld.java
demos-data\WebAppServerData\wwwRoot\Images
demos-data\WebAppServerData\wwwRoot\Images\Logo.png
demos-data\WebAppServerData\wwwRoot\Index.html
demos-data\WebAppServerData\wwwRoot\Index.htm
demos-data\WebAppServerData\wwwRoot\Js\md5.js
demos-data\WebAppServerData\wwwRoot\Styles
demos-data\WebServData\Template\FormData.html
demos-data\WebServData\Template\FormData1.html
demos-data\WebServData\Template\TemplateDemo.html
demos-data\WebServData\wwwRoot\Applet.html
demos-data\WebServData\wwwRoot\Form.html
demos-data\WebServData\wwwRoot\HelloWorld.class
demos-data\WebServData\wwwRoot\HelloWorld.java
demos-data\WebServData\wwwRoot\Index.html
demos-data\WebServData\wwwRoot\Index.htm
demos-data\WebServData\wwwRoot\Styles
demos-data\WebServData\wwwRoot\Styles\Styles.css
demos-data\websocketclient.html
demos-data\whiteiplist.txt

demos-delphi-extra
demos-delphi-extra\AuthUnit.dfm
demos-delphi-extra\AuthUnit.pas
demos-delphi-extra\CachUnitId.pas
demos-delphi-extra\demos-delphi-extra.groupproj
demos-delphi-extra\DownLoadId.dfm
demos-delphi-extra\DownLoadId.pas
demos-delphi-extra\fbHelp.res
demos-delphi-extra\FBUnitIcs.dfm
demos-delphi-extra\FBUnitIcs.pas
demos-delphi-extra\FrameBrowserIcs.dpr
demos-delphi-extra\FrameBrowserIcs.dproj
demos-delphi-extra\FrameBrowserIcs.res
demos-delphi-extra\FrameBrowserIcs_Icon.ico
demos-delphi-extra\Gopage.dfm
demos-delphi-extra\Gopage.pas
demos-delphi-extra\GRID.RES
demos-delphi-extra\HTMLAbt.dfm
demos-delphi-extra\HTMLAbt.pas
demos-delphi-extra\logwin.dfm
demos-delphi-extra\logwin.pas
demos-delphi-extra\manifest.res
demos-delphi-extra\OverbyteIcsDDWebService.dpr
demos-delphi-extra\OverbyteIcsDDWebService.dproj
demos-delphi-extra\OverbyteIcsDDWebService.ini
demos-delphi-extra\OverbyteIcsDDWebService.res
demos-delphi-extra\OverbyteIcsDDWebService_Icon.ico
demos-delphi-extra\OverbyteIcsDDWebServiceCtl.dfm
demos-delphi-extra\OverbyteIcsDDWebServiceCtl.pas
demos-delphi-extra\OverbyteIcsDDWebServiceSrv.dfm
demos-delphi-extra\OverbyteIcsDDWebServiceSrv.pas
demos-delphi-extra\OverbyteIcsMQTTBroker.dfm
demos-delphi-extra\OverbyteIcsMQTTBroker.pas
demos-delphi-extra\OverbyteIcsMQTTst.dpr
demos-delphi-extra\OverbyteIcsMQTTst.dproj
demos-delphi-extra\OverbyteIcsMQTTst.res
demos-delphi-extra\OverbyteIcsMQTTst1.dfm
demos-delphi-extra\OverbyteIcsMQTTst1.pas
demos-delphi-extra\OverbyteIcsMQTTst_Icon.ico
demos-delphi-extra\PreviewForm.dfm
demos-delphi-extra\PreviewForm.pas
demos-delphi-extra\PrintStatusForm.dfm
demos-delphi-extra\PrintStatusForm.pas
demos-delphi-extra\ProxyDlg.dfm
demos-delphi-extra\ProxyDlg.pas
demos-delphi-extra\Resources
demos-delphi-extra\Resources\fbHelp.rc
demos-delphi-extra\Resources\fbHelp.res
demos-delphi-extra\Resources\Page0.htm
demos-delphi-extra\Resources\PAGE1.HTM
demos-delphi-extra\Resources\PAGE3.HTM
demos-delphi-extra\Resources\PAGE4.HTM
demos-delphi-extra\Resources\PAGE5.HTM
demos-delphi-extra\Resources\PAGE7.HTM
demos-delphi-extra\Resources\starcross.avi
demos-delphi-extra\Resources\STYLE.CSS
demos-delphi-extra\Resources\TabBot.gif
demos-delphi-extra\Resources\TabTop.gif
demos-delphi-extra\Resources\XLeft1.htm
demos-delphi-extra\UrlConIcs.pas

demos-delphi-extra\IcsAppMon.config
demos-delphi-extra\IcsAppMon.dpr
demos-delphi-extra\IcsAppMon.dproj
demos-delphi-extra\IcsAppMon.res
demos-delphi-extra\IcsAppMonMain.dfm
demos-delphi-extra\IcsAppMonMain.pas
demos-delphi-extra\IcsAppMonSrv.dfm
demos-delphi-extra\IcsAppMonSrv.pas
demos-delphi-extra\ServerStatus.htm

demos-delphi-fmx\demos-delphi-fmx.groupproj
demos-delphi-fmx\fp_small.gif
demos-delphi-fmx\Ics.Fmx.DemoUtils.pas
demos-delphi-fmx\ics_logo.gif
demos-delphi-fmx\IcsBatchDnsLookup.dpr
demos-delphi-fmx\IcsBatchDnsLookup.dproj
demos-delphi-fmx\IcsBatchDnsLookup.res
demos-delphi-fmx\IcsBatchDnsLookup1.fmx
demos-delphi-fmx\IcsBatchDnsLookup1.pas
demos-delphi-fmx\IcsCliCertDlg.fmx
demos-delphi-fmx\IcsCliCertDlg.pas
demos-delphi-fmx\IcsCliDemo.dpr
demos-delphi-fmx\IcsCliDemo.dproj
demos-delphi-fmx\IcsCliDemo.res
demos-delphi-fmx\IcsCliDemo1.fmx
demos-delphi-fmx\IcsCliDemo1.pas
demos-delphi-fmx\IcsHttpRestTst_Icon.ico
demos-delphi-fmx\IcsHttpRestTstFmx.dpr
demos-delphi-fmx\IcsHttpRestTstFmx.dproj
demos-delphi-fmx\IcsHttpRestTstFmx.res
demos-delphi-fmx\IcsHttpRestTstFmx1.fmx
demos-delphi-fmx\IcsHttpRestTstFmx1.pas
demos-delphi-fmx\IcsHttpRestTstFmx2.fmx
demos-delphi-fmx\IcsHttpRestTstFmx2.pas
demos-delphi-fmx\IcsHttpRestTstFmx_Icon.ico
demos-delphi-fmx\IcsHttpsTst.dpr
demos-delphi-fmx\IcsHttpsTst.dproj
demos-delphi-fmx\IcsHttpsTst.res
demos-delphi-fmx\IcsHttpsTst1.fmx
demos-delphi-fmx\IcsHttpsTst1.pas
demos-delphi-fmx\IcsLoginFMX.fmx
demos-delphi-fmx\IcsLoginFMX.pas
demos-delphi-fmx\IcsMailSnd.dpr
demos-delphi-fmx\IcsMailSnd.dproj
demos-delphi-fmx\IcsMailSnd.res
demos-delphi-fmx\IcsMailSnd1.fmx
demos-delphi-fmx\IcsMailSnd1.pas
demos-delphi-fmx\IcsSslMultiWebDataModule.pas
demos-delphi-fmx\IcsSslMultiWebServ.dpr
demos-delphi-fmx\IcsSslMultiWebServ.dproj
demos-delphi-fmx\IcsSslMultiWebServ.ini
demos-delphi-fmx\IcsSslMultiWebServ.res
demos-delphi-fmx\IcsSslMultiWebServ1.fmx
demos-delphi-fmx\IcsSslMultiWebServ1.Macintosh.fmx
demos-delphi-fmx\IcsSslMultiWebServ1.pas
demos-delphi-fmx\IcsSslMultiWebServ1.Windows.fmx
demos-delphi-fmx\IcsSslMultiWebServ_Icon.ico
demos-delphi-fmx\IcsTcpSrv1IPv6.fmx
demos-delphi-fmx\IcsTcpSrv1IPv6.pas
demos-delphi-fmx\IcsTcpSrvIPv6.dpr
demos-delphi-fmx\IcsTcpSrvIPv6.dproj
demos-delphi-fmx\IcsTcpSrvIPv6.res
demos-delphi-fmx\IcsPemTest.dpr
demos-delphi-fmx\IcsPemTest.dproj
demos-delphi-fmx\IcsPemTest.res
demos-delphi-fmx\IcsPemTest1.fmx
demos-delphi-fmx\IcsPemTest1.pas

demos-delphi-mobile\Default.dof

demos-delphi-vcl\demos-delphi-vcl.groupproj
demos-delphi-vcl\fp_small.gif
demos-delphi-vcl\ftpaccounts-[127.0.0.1].ini
demos-delphi-vcl\ftpaccounts-default.ini
demos-delphi-vcl\ics_logo.gif
demos-delphi-vcl\OverbyteIcsBatchDnsLookup.dpr
demos-delphi-vcl\OverbyteIcsBatchDnsLookup.dproj
demos-delphi-vcl\OverbyteIcsBatchDnsLookup.res
demos-delphi-vcl\OverbyteIcsBatchDnsLookup1.dfm
demos-delphi-vcl\OverbyteIcsBatchDnsLookup1.pas
demos-delphi-vcl\OverbyteIcsBatchDnsLookup_Icon.ico
demos-delphi-vcl\OverbyteIcsBinCliDemo.dpr
demos-delphi-vcl\OverbyteIcsBinCliDemo.dproj
demos-delphi-vcl\OverbyteIcsBinCliDemo.res
demos-delphi-vcl\OverbyteIcsBinCliDemo1.dfm
demos-delphi-vcl\OverbyteIcsBinCliDemo1.pas
demos-delphi-vcl\OverbyteIcsBinCliDemo_Icon.ico
demos-delphi-vcl\OverbyteIcsCliCertDlg.dfm
demos-delphi-vcl\OverbyteIcsCliCertDlg.pas
demos-delphi-vcl\OverbyteIcsCliDemo.dpr
demos-delphi-vcl\OverbyteIcsCliDemo.dproj
demos-delphi-vcl\OverbyteIcsCliDemo.res
demos-delphi-vcl\OverbyteIcsCliDemo1.dfm
demos-delphi-vcl\OverbyteIcsCliDemo1.pas
demos-delphi-vcl\OverbyteIcsCliDemo_Icon.ico
demos-delphi-vcl\OverbyteIcsCommonVersion.res
demos-delphi-vcl\OverbyteIcsHttpPost.dpr
demos-delphi-vcl\OverbyteIcsHttpPost.dproj
demos-delphi-vcl\OverbyteIcsHttpPost.res
demos-delphi-vcl\OverbyteIcsHttpPost1.dfm
demos-delphi-vcl\OverbyteIcsHttpPost1.pas
demos-delphi-vcl\OverbyteIcsHttpPost_Icon.ico
demos-delphi-vcl\OverbyteIcsHttpRestTst.dpr
demos-delphi-vcl\OverbyteIcsHttpRestTst.dproj
demos-delphi-vcl\OverbyteIcsHttpRestTst.res
demos-delphi-vcl\OverbyteIcsHttpRestTst1.dfm
demos-delphi-vcl\OverbyteIcsHttpRestTst1.pas
demos-delphi-vcl\OverbyteIcsHttpRestTst2.dfm
demos-delphi-vcl\OverbyteIcsHttpRestTst2.pas
demos-delphi-vcl\OverbyteIcsHttpRestTst_Icon.ico
demos-delphi-vcl\OverbyteIcsHttpRestTst_Icon1.ico
demos-delphi-vcl\OverbyteIcsHttpThr1.dfm
demos-delphi-vcl\OverbyteIcsHttpThr1.pas
demos-delphi-vcl\OverbyteIcsHttpThr2.pas
demos-delphi-vcl\OverbyteIcsHttpThrd.dpr
demos-delphi-vcl\OverbyteIcsHttpThrd.dproj
demos-delphi-vcl\OverbyteIcsHttpThrd.res
demos-delphi-vcl\OverbyteIcsHttpThrd_Icon.ico
demos-delphi-vcl\OverbyteIcsHttpsTst.dpr
demos-delphi-vcl\OverbyteIcsHttpsTst.dproj
demos-delphi-vcl\OverbyteIcsHttpsTst.res
demos-delphi-vcl\OverbyteIcsHttpsTst1.dfm
demos-delphi-vcl\OverbyteIcsHttpsTst1.pas
demos-delphi-vcl\OverbyteIcsHttpsTst_Icon.ico
demos-delphi-vcl\OverbyteIcsHttpTst.dpr
demos-delphi-vcl\OverbyteIcsHttpTst.dproj
demos-delphi-vcl\OverbyteIcsHttpTst.res
demos-delphi-vcl\OverbyteIcsHttpTst1.dfm
demos-delphi-vcl\OverbyteIcsHttpTst1.pas
demos-delphi-vcl\OverbyteIcsHttpTst_Icon.ico
demos-delphi-vcl\OverbyteIcsIpStmLogTst.dpr
demos-delphi-vcl\OverbyteIcsIpStmLogTst.dproj
demos-delphi-vcl\OverbyteIcsIpStmLogTst.res
demos-delphi-vcl\OverbyteIcsIpStmLogTst1.dfm
demos-delphi-vcl\OverbyteIcsIpStmLogTst1.pas
demos-delphi-vcl\OverbyteIcsIpStmLogTst_Icon.ico
demos-delphi-vcl\OverbyteIcsJoseTst.dpr
demos-delphi-vcl\OverbyteIcsJoseTst.dproj
demos-delphi-vcl\OverbyteIcsJoseTst.res
demos-delphi-vcl\OverbyteIcsJoseTst1.dfm
demos-delphi-vcl\OverbyteIcsJoseTst1.pas
demos-delphi-vcl\OverbyteIcsJoseTst2.dfm
demos-delphi-vcl\OverbyteIcsJoseTst2.pas
demos-delphi-vcl\OverbyteIcsJoseTst_Icon.ico
demos-delphi-vcl\OverbyteIcsLogin.dfm
demos-delphi-vcl\OverbyteIcsLogin.pas
demos-delphi-vcl\OverbyteIcsMailQuTst.dpr
demos-delphi-vcl\OverbyteIcsMailQuTst.dproj
demos-delphi-vcl\OverbyteIcsMailQuTst.res
demos-delphi-vcl\OverbyteIcsMailQuTst1.dfm
demos-delphi-vcl\OverbyteIcsMailQuTst1.pas
demos-delphi-vcl\OverbyteIcsMailQuTst_Icon.ico
demos-delphi-vcl\OverbyteIcsMailQuTstdiag.dfm
demos-delphi-vcl\OverbyteIcsMailQuTstdiag.pas
demos-delphi-vcl\OverbyteIcsMailQuTstView.dfm
demos-delphi-vcl\OverbyteIcsMailQuTstView.pas
demos-delphi-vcl\OverbyteIcsMimeDemo.dpr
demos-delphi-vcl\OverbyteIcsMimeDemo.dproj
demos-delphi-vcl\OverbyteIcsMimeDemo.res
demos-delphi-vcl\OverbyteIcsMimeDemo1.dfm
demos-delphi-vcl\OverbyteIcsMimeDemo1.pas
demos-delphi-vcl\OverbyteIcsMimeDemo_Icon.ico
demos-delphi-vcl\OverbyteIcsNetMon.dpr
demos-delphi-vcl\OverbyteIcsNetMon.dproj
demos-delphi-vcl\OverbyteIcsNetMon.res
demos-delphi-vcl\OverbyteIcsNetMon1.dfm
demos-delphi-vcl\OverbyteIcsNetMon1.pas
demos-delphi-vcl\OverbyteIcsNetMon2.dfm
demos-delphi-vcl\OverbyteIcsNetMon2.pas
demos-delphi-vcl\OverbyteIcsNetMon_Icon.ico
demos-delphi-vcl\OverbyteIcsNetTools.dpr
demos-delphi-vcl\OverbyteIcsNetTools.dproj
demos-delphi-vcl\OverbyteIcsNetTools.res
demos-delphi-vcl\OverbyteIcsNetTools1.dfm
demos-delphi-vcl\OverbyteIcsNetTools1.pas
demos-delphi-vcl\OverbyteIcsNetTools2.dfm
demos-delphi-vcl\OverbyteIcsNetTools2.pas
demos-delphi-vcl\OverbyteIcsNetTools_Icon.ico
demos-delphi-vcl\OverbyteIcsNsLookup.dpr
demos-delphi-vcl\OverbyteIcsNsLookup.dproj
demos-delphi-vcl\OverbyteIcsNsLookup.res
demos-delphi-vcl\OverbyteIcsNsLookup1.dfm
demos-delphi-vcl\OverbyteIcsNsLookup1.pas
demos-delphi-vcl\OverbyteIcsNsLookup_Icon.ico
demos-delphi-vcl\OverbyteIcsPemTool.dpr
demos-delphi-vcl\OverbyteIcsPemTool.dproj
demos-delphi-vcl\OverbyteIcsPemTool.res
demos-delphi-vcl\OverbyteIcsPemTool1.dfm
demos-delphi-vcl\OverbyteIcsPemTool1.pas
demos-delphi-vcl\OverbyteIcsPemTool2.dfm
demos-delphi-vcl\OverbyteIcsPemTool2.pas
demos-delphi-vcl\OverbyteIcsPemTool3.dfm
demos-delphi-vcl\OverbyteIcsPemTool3.pas
demos-delphi-vcl\OverbyteIcsPemTool_Icon.ico
demos-delphi-vcl\OverbyteIcsPingTst.dpr
demos-delphi-vcl\OverbyteIcsPingTst.dproj
demos-delphi-vcl\OverbyteIcsPingTst.res
demos-delphi-vcl\OverbyteIcsPingTst1.dfm
demos-delphi-vcl\OverbyteIcsPingTst1.pas
demos-delphi-vcl\OverbyteIcsPingTst_Icon.ico
demos-delphi-vcl\OverbyteIcsProxySslServer.dpr
demos-delphi-vcl\OverbyteIcsProxySslServer.dproj
demos-delphi-vcl\OverbyteIcsProxySslServer.ini
demos-delphi-vcl\OverbyteIcsProxySslServer.res
demos-delphi-vcl\OverbyteIcsProxySslServer1.dfm
demos-delphi-vcl\OverbyteIcsProxySslServer1.pas
demos-delphi-vcl\OverbyteIcsProxySslServer_Icon.ico
demos-delphi-vcl\OverbyteIcsSimpleSslCli.dpr
demos-delphi-vcl\OverbyteIcsSimpleSslCli.dproj
demos-delphi-vcl\OverbyteIcsSimpleSslCli.res
demos-delphi-vcl\OverbyteIcsSimpleSslCli1.dfm
demos-delphi-vcl\OverbyteIcsSimpleSslCli1.pas
demos-delphi-vcl\OverbyteIcsSimpleSslCli_Icon.ico
demos-delphi-vcl\OverbyteIcsSimpleSslServer.dpr
demos-delphi-vcl\OverbyteIcsSimpleSslServer.dproj
demos-delphi-vcl\OverbyteIcsSimpleSslServer.res
demos-delphi-vcl\OverbyteIcsSimpleSslServer1.dfm
demos-delphi-vcl\OverbyteIcsSimpleSslServer1.pas
demos-delphi-vcl\OverbyteIcsSimpleSslServer_Icon.ico
demos-delphi-vcl\OverbyteIcsSnippets.dpr
demos-delphi-vcl\OverbyteIcsSnippets.dproj
demos-delphi-vcl\OverbyteIcsSnippets.res
demos-delphi-vcl\OverbyteIcsSnippets1.dfm
demos-delphi-vcl\OverbyteIcsSnippets1.pas
demos-delphi-vcl\OverbyteIcsSnmpCliTst.dpr
demos-delphi-vcl\OverbyteIcsSnmpCliTst.dproj
demos-delphi-vcl\OverbyteIcsSnmpCliTst.res
demos-delphi-vcl\OverbyteIcsSnmpCliTst1.dfm
demos-delphi-vcl\OverbyteIcsSnmpCliTst1.pas
demos-delphi-vcl\OverbyteIcsSnmpCliTst_Icon.ico
demos-delphi-vcl\OverbyteIcsSocksTst.dpr
demos-delphi-vcl\OverbyteIcsSocksTst.dproj
demos-delphi-vcl\OverbyteIcsSocksTst.res
demos-delphi-vcl\OverbyteIcsSocksTst1.dfm
demos-delphi-vcl\OverbyteIcsSocksTst1.pas
demos-delphi-vcl\OverbyteIcsSocksTst_Icon.ico
demos-delphi-vcl\OverbyteIcsSslFtpServ.dpr
demos-delphi-vcl\OverbyteIcsSslFtpServ.dproj
demos-delphi-vcl\OverbyteIcsSslFtpServ.res
demos-delphi-vcl\OverbyteIcsSslFtpServ1.dfm
demos-delphi-vcl\OverbyteIcsSslFtpServ1.pas
demos-delphi-vcl\OverbyteIcsSslFtpServ_Icon.ico
demos-delphi-vcl\OverbyteIcsSslFtpTst.dpr
demos-delphi-vcl\OverbyteIcsSslFtpTst.dproj
demos-delphi-vcl\OverbyteIcsSslFtpTst.res
demos-delphi-vcl\OverbyteIcsSslFtpTst1.dfm
demos-delphi-vcl\OverbyteIcsSslFtpTst1.pas
demos-delphi-vcl\OverbyteIcsSslFtpTst2.dfm
demos-delphi-vcl\OverbyteIcsSslFtpTst2.pas
demos-delphi-vcl\OverbyteIcsSslFtpTst_Icon.ico
demos-delphi-vcl\OverbyteIcsSslMailRcv.dpr
demos-delphi-vcl\OverbyteIcsSslMailRcv.dproj
demos-delphi-vcl\OverbyteIcsSslMailRcv.res
demos-delphi-vcl\OverbyteIcsSslMailRcv1.dfm
demos-delphi-vcl\OverbyteIcsSslMailRcv1.pas
demos-delphi-vcl\OverbyteIcsSslMailRcv2.dfm
demos-delphi-vcl\OverbyteIcsSslMailRcv2.pas
demos-delphi-vcl\OverbyteIcsSslMailRcv_Icon.ico
demos-delphi-vcl\OverbyteIcsSslMailSnd.dpr
demos-delphi-vcl\OverbyteIcsSslMailSnd.dproj
demos-delphi-vcl\OverbyteIcsSslMailSnd.res
demos-delphi-vcl\OverbyteIcsSslMailSnd1.dfm
demos-delphi-vcl\OverbyteIcsSslMailSnd1.pas
demos-delphi-vcl\OverbyteIcsSslMailSnd_Icon.ico
demos-delphi-vcl\OverbyteIcsSslMultiFtpServ.dpr
demos-delphi-vcl\OverbyteIcsSslMultiFtpServ.dproj
demos-delphi-vcl\OverbyteIcsSslMultiFtpServ.ini
demos-delphi-vcl\OverbyteIcsSslMultiFtpServ.res
demos-delphi-vcl\OverbyteIcsSslMultiFtpServ1.dfm
demos-delphi-vcl\OverbyteIcsSslMultiFtpServ1.pas
demos-delphi-vcl\OverbyteIcsSslMultiFtpServ_Icon.ico
demos-delphi-vcl\OverbyteIcsSslMultiWebConfig.pas
demos-delphi-vcl\OverbyteIcsSslMultiWebCounter.pas
demos-delphi-vcl\OverbyteIcsSslMultiWebCounterView.pas
demos-delphi-vcl\OverbyteIcsSslMultiWebDataModule.dfm
demos-delphi-vcl\OverbyteIcsSslMultiWebDataModule.pas
demos-delphi-vcl\OverbyteIcsSslMultiWebHead.pas
demos-delphi-vcl\OverbyteIcsSslMultiWebHelloWorld.pas
demos-delphi-vcl\OverbyteIcsSslMultiWebHomePage.pas
demos-delphi-vcl\OverbyteIcsSslMultiWebHttpHandlerBase.pas
demos-delphi-vcl\OverbyteIcsSslMultiWebLogin.pas
demos-delphi-vcl\OverbyteIcsSslMultiWebMailer.pas
demos-delphi-vcl\OverbyteIcsSslMultiWebServ.dpr
demos-delphi-vcl\OverbyteIcsSslMultiWebServ.dproj
demos-delphi-vcl\OverbyteIcsSslMultiWebServ.ini
demos-delphi-vcl\OverbyteIcsSslMultiWebServ.res
demos-delphi-vcl\OverbyteIcsSslMultiWebServ1.dfm
demos-delphi-vcl\OverbyteIcsSslMultiWebServ1.pas
demos-delphi-vcl\OverbyteIcsSslMultiWebServ_Icon.ico
demos-delphi-vcl\OverbyteIcsSslMultiWebSessionData.pas
demos-delphi-vcl\OverbyteIcsSslMultiWebUploads.pas
demos-delphi-vcl\OverbyteIcsSslMultiWebUrlDefs.pas
demos-delphi-vcl\OverbyteIcsSslNewsRdr.dpr
demos-delphi-vcl\OverbyteIcsSslNewsRdr.dproj
demos-delphi-vcl\OverbyteIcsSslNewsRdr.res
demos-delphi-vcl\OverbyteIcsSslNewsRdr1.dfm
demos-delphi-vcl\OverbyteIcsSslNewsRdr1.pas
demos-delphi-vcl\OverbyteIcsSslNewsRdr_Icon.ico
demos-delphi-vcl\OverbyteIcsSslSmtpServ1.dfm
demos-delphi-vcl\OverbyteIcsSslSmtpServ1.pas
demos-delphi-vcl\OverbyteIcsSslSmtpServer.dpr
demos-delphi-vcl\OverbyteIcsSslSmtpServer.dproj
demos-delphi-vcl\OverbyteIcsSslSmtpServer.res
demos-delphi-vcl\OverbyteIcsSslSmtpServer_Icon.ico
demos-delphi-vcl\OverbyteIcsSslWebServ.dpr
demos-delphi-vcl\OverbyteIcsSslWebServ.dproj
demos-delphi-vcl\OverbyteIcsSslWebServ.res
demos-delphi-vcl\OverbyteIcsSslWebServ1.dfm
demos-delphi-vcl\OverbyteIcsSslWebServ1.pas
demos-delphi-vcl\OverbyteIcsSslWebServ_Icon.ico
demos-delphi-vcl\OverbyteIcsSysLogClientDemo.dpr
demos-delphi-vcl\OverbyteIcsSysLogClientDemo.dproj
demos-delphi-vcl\OverbyteIcsSysLogClientDemo.res
demos-delphi-vcl\OverbyteIcsSysLogClientDemo1.dfm
demos-delphi-vcl\OverbyteIcsSysLogClientDemo1.pas
demos-delphi-vcl\OverbyteIcsSysLogClientDemo_Icon.ico
demos-delphi-vcl\OverbyteIcsSysLogServerDemo.dpr
demos-delphi-vcl\OverbyteIcsSysLogServerDemo.dproj
demos-delphi-vcl\OverbyteIcsSysLogServerDemo.res
demos-delphi-vcl\OverbyteIcsSysLogServerDemo1.dfm
demos-delphi-vcl\OverbyteIcsSysLogServerDemo1.pas
demos-delphi-vcl\OverbyteIcsSysLogServerDemo_Icon.ico
demos-delphi-vcl\OverbyteIcsTcpSrv.dpr
demos-delphi-vcl\OverbyteIcsTcpSrv.dproj
demos-delphi-vcl\OverbyteIcsTcpSrv.res
demos-delphi-vcl\OverbyteIcsTcpSrv1.dfm
demos-delphi-vcl\OverbyteIcsTcpSrv1.pas
demos-delphi-vcl\OverbyteIcsTcpSrv1IPv6.dfm
demos-delphi-vcl\OverbyteIcsTcpSrv1IPv6.pas
demos-delphi-vcl\OverbyteIcsTcpSrv_Icon.ico
demos-delphi-vcl\OverbyteIcsTcpSrvIPv6.dpr
demos-delphi-vcl\OverbyteIcsTcpSrvIPv6.dproj
demos-delphi-vcl\OverbyteIcsTcpSrvIPv6.res
demos-delphi-vcl\OverbyteIcsTcpSrvIPv6_Icon.ico
demos-delphi-vcl\OverbyteIcsTelnetClient.dpr
demos-delphi-vcl\OverbyteIcsTelnetClient.dproj
demos-delphi-vcl\OverbyteIcsTelnetClient.res
demos-delphi-vcl\OverbyteIcsTelnetClient1.dfm
demos-delphi-vcl\OverbyteIcsTelnetClient1.pas
demos-delphi-vcl\OverbyteIcsTelnetClient_Icon.ico
demos-delphi-vcl\OverbyteIcsThrdSrv.dpr
demos-delphi-vcl\OverbyteIcsThrdSrv.dproj
demos-delphi-vcl\OverbyteIcsThrdSrv.res
demos-delphi-vcl\OverbyteIcsThrdSrv1.dfm
demos-delphi-vcl\OverbyteIcsThrdSrv1.pas
demos-delphi-vcl\OverbyteIcsThrdSrv_Icon.ico
demos-delphi-vcl\OverbyteIcsThrdSrvV2.dpr
demos-delphi-vcl\OverbyteIcsThrdSrvV2.dproj
demos-delphi-vcl\OverbyteIcsThrdSrvV2.res
demos-delphi-vcl\OverbyteIcsThrdSrvV2_1.dfm
demos-delphi-vcl\OverbyteIcsThrdSrvV2_1.pas
demos-delphi-vcl\OverbyteIcsThrdSrvV2_Icon.ico
demos-delphi-vcl\OverbyteIcsThrdSrvV3.dpr
demos-delphi-vcl\OverbyteIcsThrdSrvV3.dproj
demos-delphi-vcl\OverbyteIcsThrdSrvV3.res
demos-delphi-vcl\OverbyteIcsThrdSrvV3_1.dfm
demos-delphi-vcl\OverbyteIcsThrdSrvV3_1.pas
demos-delphi-vcl\OverbyteIcsThrdSrvV3_Icon.ico
demos-delphi-vcl\OverbyteIcsTimeTst.dpr
demos-delphi-vcl\OverbyteIcsTimeTst.dproj
demos-delphi-vcl\OverbyteIcsTimeTst.res
demos-delphi-vcl\OverbyteIcsTimeTst1.dfm
demos-delphi-vcl\OverbyteIcsTimeTst1.pas
demos-delphi-vcl\OverbyteIcsTimeTst_Icon.ico
demos-delphi-vcl\OverbyteIcsWebAppServer.dpr
demos-delphi-vcl\OverbyteIcsWebAppServer.dproj
demos-delphi-vcl\OverbyteIcsWebAppServer.res
demos-delphi-vcl\OverbyteIcsWebAppServer_Icon.ico
demos-delphi-vcl\OverbyteIcsWebAppServerConfig.pas
demos-delphi-vcl\OverbyteIcsWebAppServerCounter.pas
demos-delphi-vcl\OverbyteIcsWebAppServerCounterView.pas
demos-delphi-vcl\OverbyteIcsWebAppServerDataModule.dfm
demos-delphi-vcl\OverbyteIcsWebAppServerDataModule.pas
demos-delphi-vcl\OverbyteIcsWebAppServerDWScriptUrlHandler.pas
demos-delphi-vcl\OverbyteIcsWebAppServerHead.pas
demos-delphi-vcl\OverbyteIcsWebAppServerHelloWorld.pas
demos-delphi-vcl\OverbyteIcsWebAppServerHomePage.pas
demos-delphi-vcl\OverbyteIcsWebAppServerHttpHandlerBase.pas
demos-delphi-vcl\OverbyteIcsWebAppServerLogin.pas
demos-delphi-vcl\OverbyteIcsWebAppServerMailer.pas
demos-delphi-vcl\OverbyteIcsWebAppServerMain.dfm
demos-delphi-vcl\OverbyteIcsWebAppServerMain.pas
demos-delphi-vcl\OverbyteIcsWebAppServerSessionData.pas
demos-delphi-vcl\OverbyteIcsWebAppServerUrlDefs.pas
demos-delphi-vcl\OverbyteIcsWhoisCliTst.dpr
demos-delphi-vcl\OverbyteIcsWhoisCliTst.dproj
demos-delphi-vcl\OverbyteIcsWhoisCliTst.res
demos-delphi-vcl\OverbyteIcsWhoisCliTst1.dfm
demos-delphi-vcl\OverbyteIcsWhoisCliTst1.pas
demos-delphi-vcl\OverbyteIcsWhoisCliTst_Icon.ico
demos-delphi-vcl\OverbyteIcsWmiTst.dpr
demos-delphi-vcl\OverbyteIcsWmiTst.dproj
demos-delphi-vcl\OverbyteIcsWmiTst.res
demos-delphi-vcl\OverbyteIcsWmiTst1.dfm
demos-delphi-vcl\OverbyteIcsWmiTst1.pas
demos-delphi-vcl\OverbyteIcsWmiTst_Icon.ico
demos-delphi-vcl\OverbyteIcsX509CertsTst.dpr
demos-delphi-vcl\OverbyteIcsX509CertsTst.dproj
demos-delphi-vcl\OverbyteIcsX509CertsTst.res
demos-delphi-vcl\OverbyteIcsX509CertsTst1.dfm
demos-delphi-vcl\OverbyteIcsX509CertsTst1.pas
demos-delphi-vcl\OverbyteIcsX509CertsTst_Icon.ico
demos-delphi-vcl\OverbyteIcsXferTst.dpr
demos-delphi-vcl\OverbyteIcsXferTst.dproj
demos-delphi-vcl\OverbyteIcsXferTst.res
demos-delphi-vcl\OverbyteIcsXferTst1.dfm
demos-delphi-vcl\OverbyteIcsXferTst1.pas
demos-delphi-vcl\OverbyteIcsXferTst_Icon.ico

demos-delphi-vcl\OverbyteIcsBasicWebServer.dpr
demos-delphi-vcl\OverbyteIcsBasicWebServer.dproj
demos-delphi-vcl\OverbyteIcsBasicWebServer.res
demos-delphi-vcl\OverbyteIcsBasicWebServer1.dfm
demos-delphi-vcl\OverbyteIcsBasicWebServer1.pas
demos-delphi-vcl\OverbyteIcsConHttp.dpr
demos-delphi-vcl\OverbyteIcsConHttp.dproj
demos-delphi-vcl\OverbyteIcsConHttp.res
demos-delphi-vcl/OverbyteIcsDll1.dpr
demos-delphi-vcl/OverbyteIcsDll1.dproj
demos-delphi-vcl/OverbyteIcsDll2.dpr
demos-delphi-vcl/OverbyteIcsDll2.dproj
demos-delphi-vcl/OverbyteIcsDllTst.dpr
demos-delphi-vcl/OverbyteIcsDllTst.dproj
demos-delphi-vcl/OverbyteIcsDllTst_Icon.ico
demos-delphi-vcl/OverbyteIcsDllTst.res
demos-delphi-vcl/OverbyteIcsDllTst1.dfm
demos-delphi-vcl/OverbyteIcsDllTst1.pas


